ARM Linker, 5.03 [Build 76] [MDK-ARM Lite]

==============================================================================

Section Cross References

    startup_tm4c123.o(STACK) refers (Special) to heapauxi.o(.text) for __use_two_region_memory
    startup_tm4c123.o(HEAP) refers (Special) to heapauxi.o(.text) for __use_two_region_memory
    startup_tm4c123.o(RESET) refers (Special) to heapauxi.o(.text) for __use_two_region_memory
    startup_tm4c123.o(RESET) refers to startup_tm4c123.o(STACK) for __initial_sp
    startup_tm4c123.o(RESET) refers to startup_tm4c123.o(.text) for Reset_Handler
    startup_tm4c123.o(.text) refers (Special) to heapauxi.o(.text) for __use_two_region_memory
    startup_tm4c123.o(.text) refers to __main.o(!!!main) for __main
    startup_tm4c123.o(.text) refers to startup_tm4c123.o(HEAP) for Heap_Mem
    startup_tm4c123.o(.text) refers to startup_tm4c123.o(STACK) for Stack_Mem
    lcd.o(.text) refers to delay.o(.text) for delay_ms
    keypad.o(.text) refers to delay.o(.text) for delay_ms
    keypad.o(.text) refers to buzzer.o(.text) for Buzzer_ON
    keypad.o(.text) refers to keypad.o(.data) for symbol
    main.o(.text) refers to _printf_percent.o(.ARM.Collect$$_printf_percent$$00000000) for _printf_percent
    main.o(.text) refers to _printf_d.o(.ARM.Collect$$_printf_percent$$00000009) for _printf_d
    main.o(.text) refers to _printf_dec.o(.text) for _printf_int_dec
    main.o(.text) refers to lcd.o(.text) for LCD_VCLRScreen
    main.o(.text) refers to led.o(.text) for RGB_OFF
    main.o(.text) refers to buzzer.o(.text) for Buzzer_OFF
    main.o(.text) refers to delay.o(.text) for delay_ms
    main.o(.text) refers to button.o(.text) for SW1_Read
    main.o(.text) refers to noretval__2sprintf.o(.text) for __2sprintf
    main.o(.text) refers to keypad.o(.text) for keypad_Init
    main.o(.text) refers to atoi.o(.text) for atoi
    main.o(.text) refers to main.o(.data) for SAME_PROG
    __2sprintf.o(.text) refers to _printf_char_common.o(.text) for _printf_char_common
    __2sprintf.o(.text) refers to _sputc.o(.text) for _sputc
    noretval__2sprintf.o(.text) refers to _printf_char_common.o(.text) for _printf_char_common
    noretval__2sprintf.o(.text) refers to _sputc.o(.text) for _sputc
    __printf.o(.text) refers to _printf_percent.o(.ARM.Collect$$_printf_percent$$00000000) for _printf_percent
    _printf_dec.o(.text) refers to _printf_intcommon.o(.text) for _printf_int_common
    __printf_flags.o(.text) refers to _printf_percent.o(.ARM.Collect$$_printf_percent$$00000000) for _printf_percent
    __printf_flags.o(.text) refers to __printf_flags.o(.constdata) for .constdata
    __printf_ss.o(.text) refers to _printf_percent.o(.ARM.Collect$$_printf_percent$$00000000) for _printf_percent
    __printf_flags_ss.o(.text) refers to _printf_percent.o(.ARM.Collect$$_printf_percent$$00000000) for _printf_percent
    __printf_flags_ss.o(.text) refers to __printf_flags_ss.o(.constdata) for .constdata
    __printf_wp.o(.text) refers to __printf_wp.o(i._is_digit) for _is_digit
    __printf_wp.o(.text) refers to _printf_percent.o(.ARM.Collect$$_printf_percent$$00000000) for _printf_percent
    __printf_flags_wp.o(.text) refers to __printf_wp.o(i._is_digit) for _is_digit
    __printf_flags_wp.o(.text) refers to _printf_percent.o(.ARM.Collect$$_printf_percent$$00000000) for _printf_percent
    __printf_flags_wp.o(.text) refers to __printf_flags_wp.o(.constdata) for .constdata
    __printf_ss_wp.o(.text) refers to __printf_wp.o(i._is_digit) for _is_digit
    __printf_ss_wp.o(.text) refers to _printf_percent.o(.ARM.Collect$$_printf_percent$$00000000) for _printf_percent
    __printf_flags_ss_wp.o(.text) refers to __printf_wp.o(i._is_digit) for _is_digit
    __printf_flags_ss_wp.o(.text) refers to _printf_percent.o(.ARM.Collect$$_printf_percent$$00000000) for _printf_percent
    __printf_flags_ss_wp.o(.text) refers to __printf_flags_ss_wp.o(.constdata) for .constdata
    _printf_d.o(.ARM.Collect$$_printf_percent$$00000009) refers (Weak) to _printf_dec.o(.text) for _printf_int_dec
    _printf_percent.o(.ARM.Collect$$_printf_percent$$00000000) refers (Special) to _printf_percent_end.o(.ARM.Collect$$_printf_percent$$00000017) for _printf_percent_end
    atoi.o(.text) refers to rt_errno_addr_intlibspace.o(.text) for __aeabi_errno_addr
    atoi.o(.text) refers to strtol.o(.text) for strtol
    __main.o(!!!main) refers to rtentry.o(.ARM.Collect$$rtentry$$00000000) for __rt_entry
    rtentry.o(.ARM.Collect$$rtentry$$00000000) refers (Special) to rtentry2.o(.ARM.Collect$$rtentry$$0000000A) for __rt_entry_li
    rtentry.o(.ARM.Collect$$rtentry$$00000000) refers (Special) to rtentry2.o(.ARM.Collect$$rtentry$$0000000D) for __rt_entry_main
    rtentry.o(.ARM.Collect$$rtentry$$00000000) refers (Special) to rtentry2.o(.ARM.Collect$$rtentry$$0000000C) for __rt_entry_postli_1
    rtentry.o(.ARM.Collect$$rtentry$$00000000) refers (Special) to rtentry2.o(.ARM.Collect$$rtentry$$00000009) for __rt_entry_postsh_1
    rtentry.o(.ARM.Collect$$rtentry$$00000000) refers (Special) to rtentry2.o(.ARM.Collect$$rtentry$$00000002) for __rt_entry_presh_1
    rtentry.o(.ARM.Collect$$rtentry$$00000000) refers (Special) to rtentry4.o(.ARM.Collect$$rtentry$$00000004) for __rt_entry_sh
    rt_errno_addr.o(.text) refers to rt_errno_addr.o(.bss) for __aeabi_errno_addr_data
    rt_errno_addr_intlibspace.o(.text) refers to libspace.o(.bss) for __libspace_start
    _printf_char_common.o(.text) refers to __printf.o(.text) for __printf
    strtol.o(.text) refers to rt_ctype_table.o(.text) for __rt_ctype_table
    strtol.o(.text) refers to _strtoul.o(.text) for _strtoul
    strtol.o(.text) refers to rt_errno_addr_intlibspace.o(.text) for __aeabi_errno_addr
    libspace.o(.text) refers to libspace.o(.bss) for __libspace_start
    rtentry2.o(.ARM.Collect$$rtentry$$00000008) refers to boardinit2.o(.text) for _platform_post_stackheap_init
    rtentry2.o(.ARM.Collect$$rtentry$$0000000A) refers to libinit.o(.ARM.Collect$$libinit$$00000000) for __rt_lib_init
    rtentry2.o(.ARM.Collect$$rtentry$$0000000B) refers to boardinit3.o(.text) for _platform_post_lib_init
    rtentry2.o(.ARM.Collect$$rtentry$$0000000D) refers to main.o(.text) for main
    rtentry2.o(.ARM.Collect$$rtentry$$0000000D) refers to exit.o(.text) for exit
    rtentry2.o(.ARM.exidx) refers to rtentry2.o(.ARM.Collect$$rtentry$$00000001) for .ARM.Collect$$rtentry$$00000001
    rtentry2.o(.ARM.exidx) refers to rtentry2.o(.ARM.Collect$$rtentry$$00000008) for .ARM.Collect$$rtentry$$00000008
    rtentry2.o(.ARM.exidx) refers to rtentry2.o(.ARM.Collect$$rtentry$$0000000A) for .ARM.Collect$$rtentry$$0000000A
    rtentry2.o(.ARM.exidx) refers to rtentry2.o(.ARM.Collect$$rtentry$$0000000B) for .ARM.Collect$$rtentry$$0000000B
    rtentry2.o(.ARM.exidx) refers to rtentry2.o(.ARM.Collect$$rtentry$$0000000D) for .ARM.Collect$$rtentry$$0000000D
    rtentry4.o(.ARM.Collect$$rtentry$$00000004) refers to sys_stackheap_outer.o(.text) for __user_setup_stackheap
    rtentry4.o(.ARM.exidx) refers to rtentry4.o(.ARM.Collect$$rtentry$$00000004) for .ARM.Collect$$rtentry$$00000004
    rt_ctype_table.o(.text) refers to rt_locale_intlibspace.o(.text) for __rt_locale
    rt_ctype_table.o(.text) refers to lc_ctype_c.o(locale$$code) for _get_lc_ctype
    _strtoul.o(.text) refers to _chval.o(.text) for _chval
    _strtoul.o(.text) refers to rt_errno_addr_intlibspace.o(.text) for __aeabi_errno_addr
    sys_stackheap_outer.o(.text) refers to libspace.o(.text) for __user_perproc_libspace
    sys_stackheap_outer.o(.text) refers to startup_tm4c123.o(.text) for __user_initial_stackheap
    rt_locale.o(.text) refers to rt_locale.o(.bss) for __rt_locale_data
    rt_locale_intlibspace.o(.text) refers to libspace.o(.bss) for __libspace_start
    lc_ctype_c.o(locale$$data) refers (Special) to libinit2.o(.ARM.Collect$$libinit$$00000010) for __rt_lib_init_lc_ctype_2
    lc_ctype_c.o(locale$$code) refers (Special) to libinit2.o(.ARM.Collect$$libinit$$00000010) for __rt_lib_init_lc_ctype_2
    lc_ctype_c.o(locale$$code) refers to strcmpv7m.o(.text) for strcmp
    lc_ctype_c.o(locale$$code) refers to lc_ctype_c.o(locale$$data) for __lcctype_c_name
    exit.o(.text) refers to rtexit.o(.ARM.Collect$$rtexit$$00000000) for __rt_exit
    libinit.o(.ARM.Collect$$libinit$$00000000) refers (Special) to libinit2.o(.ARM.Collect$$libinit$$0000002C) for __rt_lib_init_alloca_1
    libinit.o(.ARM.Collect$$libinit$$00000000) refers (Special) to libinit2.o(.ARM.Collect$$libinit$$0000002A) for __rt_lib_init_argv_1
    libinit.o(.ARM.Collect$$libinit$$00000000) refers (Special) to libinit2.o(.ARM.Collect$$libinit$$00000019) for __rt_lib_init_atexit_1
    libinit.o(.ARM.Collect$$libinit$$00000000) refers (Special) to libinit2.o(.ARM.Collect$$libinit$$0000001F) for __rt_lib_init_clock_1
    libinit.o(.ARM.Collect$$libinit$$00000000) refers (Special) to libinit2.o(.ARM.Collect$$libinit$$00000030) for __rt_lib_init_cpp_1
    libinit.o(.ARM.Collect$$libinit$$00000000) refers (Special) to libinit2.o(.ARM.Collect$$libinit$$0000002E) for __rt_lib_init_exceptions_1
    libinit.o(.ARM.Collect$$libinit$$00000000) refers (Special) to libinit2.o(.ARM.Collect$$libinit$$00000001) for __rt_lib_init_fp_1
    libinit.o(.ARM.Collect$$libinit$$00000000) refers (Special) to libinit2.o(.ARM.Collect$$libinit$$0000001D) for __rt_lib_init_fp_trap_1
    libinit.o(.ARM.Collect$$libinit$$00000000) refers (Special) to libinit2.o(.ARM.Collect$$libinit$$00000021) for __rt_lib_init_getenv_1
    libinit.o(.ARM.Collect$$libinit$$00000000) refers (Special) to libinit2.o(.ARM.Collect$$libinit$$00000008) for __rt_lib_init_heap_1
    libinit.o(.ARM.Collect$$libinit$$00000000) refers (Special) to libinit2.o(.ARM.Collect$$libinit$$0000000F) for __rt_lib_init_lc_collate_1
    libinit.o(.ARM.Collect$$libinit$$00000000) refers (Special) to libinit2.o(.ARM.Collect$$libinit$$00000011) for __rt_lib_init_lc_ctype_1
    libinit.o(.ARM.Collect$$libinit$$00000000) refers (Special) to libinit2.o(.ARM.Collect$$libinit$$00000013) for __rt_lib_init_lc_monetary_1
    libinit.o(.ARM.Collect$$libinit$$00000000) refers (Special) to libinit2.o(.ARM.Collect$$libinit$$00000015) for __rt_lib_init_lc_numeric_1
    libinit.o(.ARM.Collect$$libinit$$00000000) refers (Special) to libinit2.o(.ARM.Collect$$libinit$$00000017) for __rt_lib_init_lc_time_1
    libinit.o(.ARM.Collect$$libinit$$00000000) refers (Special) to libinit2.o(.ARM.Collect$$libinit$$0000000C) for __rt_lib_init_rand_1
    libinit.o(.ARM.Collect$$libinit$$00000000) refers (Special) to libinit2.o(.ARM.Collect$$libinit$$00000031) for __rt_lib_init_return
    libinit.o(.ARM.Collect$$libinit$$00000000) refers (Special) to libinit2.o(.ARM.Collect$$libinit$$0000001B) for __rt_lib_init_signal_1
    libinit.o(.ARM.Collect$$libinit$$00000000) refers (Special) to libinit2.o(.ARM.Collect$$libinit$$00000023) for __rt_lib_init_stdio_1
    libinit.o(.ARM.Collect$$libinit$$00000000) refers (Special) to libinit2.o(.ARM.Collect$$libinit$$0000000A) for __rt_lib_init_user_alloc_1
    rtexit.o(.ARM.Collect$$rtexit$$00000000) refers (Special) to rtexit2.o(.ARM.Collect$$rtexit$$00000004) for __rt_exit_exit
    rtexit.o(.ARM.Collect$$rtexit$$00000000) refers (Special) to rtexit2.o(.ARM.Collect$$rtexit$$00000003) for __rt_exit_ls
    rtexit.o(.ARM.Collect$$rtexit$$00000000) refers (Special) to rtexit2.o(.ARM.Collect$$rtexit$$00000002) for __rt_exit_prels_1
    rtexit.o(.ARM.exidx) refers (Special) to rtexit2.o(.ARM.Collect$$rtexit$$00000004) for __rt_exit_exit
    rtexit.o(.ARM.exidx) refers (Special) to rtexit2.o(.ARM.Collect$$rtexit$$00000003) for __rt_exit_ls
    rtexit.o(.ARM.exidx) refers (Special) to rtexit2.o(.ARM.Collect$$rtexit$$00000002) for __rt_exit_prels_1
    rtexit.o(.ARM.exidx) refers to rtexit.o(.ARM.Collect$$rtexit$$00000000) for .ARM.Collect$$rtexit$$00000000
    libinit2.o(.ARM.Collect$$libinit$$00000001) refers to fpinit.o(x$fpl$fpinit) for _fp_init
    libinit2.o(.ARM.Collect$$libinit$$0000000D) refers (Weak) to rt_locale_intlibspace.o(.text) for __rt_locale
    libinit2.o(.ARM.Collect$$libinit$$0000000E) refers to libinit2.o(.ARM.Collect$$libinit$$0000000D) for .ARM.Collect$$libinit$$0000000D
    libinit2.o(.ARM.Collect$$libinit$$00000010) refers to libinit2.o(.ARM.Collect$$libinit$$0000000D) for .ARM.Collect$$libinit$$0000000D
    libinit2.o(.ARM.Collect$$libinit$$00000010) refers (Weak) to lc_ctype_c.o(locale$$code) for _get_lc_ctype
    libinit2.o(.ARM.Collect$$libinit$$00000012) refers to libinit2.o(.ARM.Collect$$libinit$$0000000D) for .ARM.Collect$$libinit$$0000000D
    libinit2.o(.ARM.Collect$$libinit$$00000014) refers to libinit2.o(.ARM.Collect$$libinit$$0000000D) for .ARM.Collect$$libinit$$0000000D
    libinit2.o(.ARM.Collect$$libinit$$00000016) refers to libinit2.o(.ARM.Collect$$libinit$$0000000D) for .ARM.Collect$$libinit$$0000000D
    libinit2.o(.ARM.Collect$$libinit$$00000024) refers to argv_veneer.o(.emb_text) for __ARM_argv_veneer
    libinit2.o(.ARM.Collect$$libinit$$00000025) refers to argv_veneer.o(.emb_text) for __ARM_argv_veneer
    rtexit2.o(.ARM.Collect$$rtexit$$00000003) refers to libshutdown.o(.ARM.Collect$$libshutdown$$00000000) for __rt_lib_shutdown
    rtexit2.o(.ARM.Collect$$rtexit$$00000004) refers to sys_exit.o(.text) for _sys_exit
    rtexit2.o(.ARM.exidx) refers to rtexit2.o(.ARM.Collect$$rtexit$$00000001) for .ARM.Collect$$rtexit$$00000001
    rtexit2.o(.ARM.exidx) refers to rtexit2.o(.ARM.Collect$$rtexit$$00000003) for .ARM.Collect$$rtexit$$00000003
    rtexit2.o(.ARM.exidx) refers to rtexit2.o(.ARM.Collect$$rtexit$$00000004) for .ARM.Collect$$rtexit$$00000004
    argv_veneer.o(.emb_text) refers to no_argv.o(.text) for __ARM_get_argv
    sys_exit.o(.text) refers (Special) to use_no_semi.o(.text) for __I$use$semihosting
    sys_exit.o(.text) refers (Special) to indicate_semi.o(.text) for __semihosting_library_function
    _get_argv_nomalloc.o(.text) refers (Special) to hrguard.o(.text) for __heap_region$guard
    _get_argv_nomalloc.o(.text) refers to defsig_rtmem_outer.o(.text) for __rt_SIGRTMEM
    _get_argv_nomalloc.o(.text) refers to sys_command.o(.text) for _sys_command_string
    libshutdown.o(.ARM.Collect$$libshutdown$$00000000) refers (Special) to libshutdown2.o(.ARM.Collect$$libshutdown$$00000006) for __rt_lib_shutdown_fp_trap_1
    libshutdown.o(.ARM.Collect$$libshutdown$$00000000) refers (Special) to libshutdown2.o(.ARM.Collect$$libshutdown$$0000000E) for __rt_lib_shutdown_heap_1
    libshutdown.o(.ARM.Collect$$libshutdown$$00000000) refers (Special) to libshutdown2.o(.ARM.Collect$$libshutdown$$0000000F) for __rt_lib_shutdown_return
    libshutdown.o(.ARM.Collect$$libshutdown$$00000000) refers (Special) to libshutdown2.o(.ARM.Collect$$libshutdown$$00000009) for __rt_lib_shutdown_signal_1
    libshutdown.o(.ARM.Collect$$libshutdown$$00000000) refers (Special) to libshutdown2.o(.ARM.Collect$$libshutdown$$00000003) for __rt_lib_shutdown_stdio_1
    libshutdown.o(.ARM.Collect$$libshutdown$$00000000) refers (Special) to libshutdown2.o(.ARM.Collect$$libshutdown$$0000000B) for __rt_lib_shutdown_user_alloc_1
    sys_command.o(.text) refers (Special) to use_no_semi.o(.text) for __I$use$semihosting
    sys_command.o(.text) refers (Special) to indicate_semi.o(.text) for __semihosting_library_function
    defsig_rtmem_outer.o(.text) refers to defsig_rtmem_inner.o(.text) for __rt_SIGRTMEM_inner
    defsig_rtmem_outer.o(.text) refers to defsig_exit.o(.text) for __sig_exit
    defsig_rtmem_formal.o(.text) refers to rt_raise.o(.text) for __rt_raise
    rt_raise.o(.text) refers to __raise.o(.text) for __raise
    rt_raise.o(.text) refers to sys_exit.o(.text) for _sys_exit
    defsig_exit.o(.text) refers to sys_exit.o(.text) for _sys_exit
    defsig_rtmem_inner.o(.text) refers to defsig_general.o(.text) for __default_signal_display
    __raise.o(.text) refers to defsig.o(CL$$defsig) for __default_signal_handler
    defsig_general.o(.text) refers to sys_wrch.o(.text) for _ttywrch
    sys_wrch.o(.text) refers (Special) to use_no_semi.o(.text) for __I$use$semihosting
    sys_wrch.o(.text) refers (Special) to indicate_semi.o(.text) for __semihosting_library_function
    defsig.o(CL$$defsig) refers to defsig_rtmem_inner.o(.text) for __rt_SIGRTMEM_inner
    defsig_abrt_inner.o(.text) refers to defsig_general.o(.text) for __default_signal_display
    defsig_fpe_inner.o(.text) refers to defsig_general.o(.text) for __default_signal_display
    defsig_rtred_inner.o(.text) refers to defsig_general.o(.text) for __default_signal_display
    defsig_stak_inner.o(.text) refers to defsig_general.o(.text) for __default_signal_display
    defsig_pvfn_inner.o(.text) refers to defsig_general.o(.text) for __default_signal_display
    defsig_cppl_inner.o(.text) refers to defsig_general.o(.text) for __default_signal_display
    defsig_segv_inner.o(.text) refers to defsig_general.o(.text) for __default_signal_display
    defsig_other.o(.text) refers to defsig_general.o(.text) for __default_signal_display


==============================================================================

Image Symbol Table

    Local Symbols

    Symbol Name                              Value     Ov Type        Size  Object(Section)

    RESET                                    0x00000000   Section      620  startup_tm4c123.o(RESET)
    ../clib/angel/boardlib.s                 0x00000000   Number         0  boardinit1.o ABSOLUTE
    ../clib/angel/boardlib.s                 0x00000000   Number         0  boardshut.o ABSOLUTE
    ../clib/angel/boardlib.s                 0x00000000   Number         0  boardinit2.o ABSOLUTE
    ../clib/angel/boardlib.s                 0x00000000   Number         0  boardinit3.o ABSOLUTE
    ../clib/angel/handlers.s                 0x00000000   Number         0  __scatter_zi.o ABSOLUTE
    ../clib/angel/handlers.s                 0x00000000   Number         0  __scatter_copy.o ABSOLUTE
    ../clib/angel/kernel.s                   0x00000000   Number         0  rtexit2.o ABSOLUTE
    ../clib/angel/kernel.s                   0x00000000   Number         0  rtexit.o ABSOLUTE
    ../clib/angel/kernel.s                   0x00000000   Number         0  rtentry.o ABSOLUTE
    ../clib/angel/kernel.s                   0x00000000   Number         0  rtentry4.o ABSOLUTE
    ../clib/angel/kernel.s                   0x00000000   Number         0  rtentry2.o ABSOLUTE
    ../clib/angel/rt.s                       0x00000000   Number         0  rt_errno_addr_intlibspace.o ABSOLUTE
    ../clib/angel/rt.s                       0x00000000   Number         0  rt_locale_intlibspace.o ABSOLUTE
    ../clib/angel/rt.s                       0x00000000   Number         0  rt_locale.o ABSOLUTE
    ../clib/angel/rt.s                       0x00000000   Number         0  rt_errno_addr.o ABSOLUTE
    ../clib/angel/rt.s                       0x00000000   Number         0  rt_raise.o ABSOLUTE
    ../clib/angel/rt.s                       0x00000000   Number         0  rt_ctype_table.o ABSOLUTE
    ../clib/angel/scatter.s                  0x00000000   Number         0  __scatter.o ABSOLUTE
    ../clib/angel/startup.s                  0x00000000   Number         0  __main.o ABSOLUTE
    ../clib/angel/sys.s                      0x00000000   Number         0  use_no_semi.o ABSOLUTE
    ../clib/angel/sys.s                      0x00000000   Number         0  libspace.o ABSOLUTE
    ../clib/angel/sys.s                      0x00000000   Number         0  sys_stackheap_outer.o ABSOLUTE
    ../clib/angel/sys.s                      0x00000000   Number         0  indicate_semi.o ABSOLUTE
    ../clib/angel/sysapp.c                   0x00000000   Number         0  sys_exit.o ABSOLUTE
    ../clib/angel/sysapp.c                   0x00000000   Number         0  sys_wrch.o ABSOLUTE
    ../clib/angel/sysapp.c                   0x00000000   Number         0  sys_command.o ABSOLUTE
    ../clib/armsys.c                         0x00000000   Number         0  no_argv.o ABSOLUTE
    ../clib/armsys.c                         0x00000000   Number         0  _get_argv_nomalloc.o ABSOLUTE
    ../clib/armsys.c                         0x00000000   Number         0  argv_veneer.o ABSOLUTE
    ../clib/armsys.c                         0x00000000   Number         0  argv_veneer.o ABSOLUTE
    ../clib/heapalloc.c                      0x00000000   Number         0  hrguard.o ABSOLUTE
    ../clib/heapaux.c                        0x00000000   Number         0  heapauxi.o ABSOLUTE
    ../clib/libinit.s                        0x00000000   Number         0  libshutdown.o ABSOLUTE
    ../clib/libinit.s                        0x00000000   Number         0  libinit.o ABSOLUTE
    ../clib/libinit.s                        0x00000000   Number         0  libinit2.o ABSOLUTE
    ../clib/libinit.s                        0x00000000   Number         0  libshutdown2.o ABSOLUTE
    ../clib/locale.s                         0x00000000   Number         0  lc_ctype_c.o ABSOLUTE
    ../clib/memcpset.s                       0x00000000   Number         0  strcmpv7m.o ABSOLUTE
    ../clib/printf.c                         0x00000000   Number         0  __printf_ss_wp.o ABSOLUTE
    ../clib/printf.c                         0x00000000   Number         0  __2sprintf.o ABSOLUTE
    ../clib/printf.c                         0x00000000   Number         0  __printf_nopercent.o ABSOLUTE
    ../clib/printf.c                         0x00000000   Number         0  __printf_flags_ss_wp.o ABSOLUTE
    ../clib/printf.c                         0x00000000   Number         0  _printf_intcommon.o ABSOLUTE
    ../clib/printf.c                         0x00000000   Number         0  __printf.o ABSOLUTE
    ../clib/printf.c                         0x00000000   Number         0  _printf_char_common.o ABSOLUTE
    ../clib/printf.c                         0x00000000   Number         0  noretval__2sprintf.o ABSOLUTE
    ../clib/printf.c                         0x00000000   Number         0  _printf_dec.o ABSOLUTE
    ../clib/printf.c                         0x00000000   Number         0  __printf_flags.o ABSOLUTE
    ../clib/printf.c                         0x00000000   Number         0  __printf_ss.o ABSOLUTE
    ../clib/printf.c                         0x00000000   Number         0  __printf_flags_ss.o ABSOLUTE
    ../clib/printf.c                         0x00000000   Number         0  __printf_wp.o ABSOLUTE
    ../clib/printf.c                         0x00000000   Number         0  __printf_flags_wp.o ABSOLUTE
    ../clib/printf.c                         0x00000000   Number         0  _sputc.o ABSOLUTE
    ../clib/printf_percent.s                 0x00000000   Number         0  _printf_percent_end.o ABSOLUTE
    ../clib/printf_percent.s                 0x00000000   Number         0  _printf_d.o ABSOLUTE
    ../clib/printf_percent.s                 0x00000000   Number         0  _printf_percent.o ABSOLUTE
    ../clib/scanf.c                          0x00000000   Number         0  _strtoul.o ABSOLUTE
    ../clib/scanf.c                          0x00000000   Number         0  atoi.o ABSOLUTE
    ../clib/scanf.c                          0x00000000   Number         0  strtol.o ABSOLUTE
    ../clib/scanf.c                          0x00000000   Number         0  _chval.o ABSOLUTE
    ../clib/signal.c                         0x00000000   Number         0  defsig_rtmem_outer.o ABSOLUTE
    ../clib/signal.c                         0x00000000   Number         0  defsig_rtmem_formal.o ABSOLUTE
    ../clib/signal.c                         0x00000000   Number         0  defsig_exit.o ABSOLUTE
    ../clib/signal.c                         0x00000000   Number         0  defsig_rtmem_inner.o ABSOLUTE
    ../clib/signal.c                         0x00000000   Number         0  __raise.o ABSOLUTE
    ../clib/signal.c                         0x00000000   Number         0  defsig_abrt_inner.o ABSOLUTE
    ../clib/signal.c                         0x00000000   Number         0  defsig_fpe_inner.o ABSOLUTE
    ../clib/signal.c                         0x00000000   Number         0  defsig_rtred_inner.o ABSOLUTE
    ../clib/signal.c                         0x00000000   Number         0  defsig_stak_inner.o ABSOLUTE
    ../clib/signal.c                         0x00000000   Number         0  defsig_pvfn_inner.o ABSOLUTE
    ../clib/signal.c                         0x00000000   Number         0  defsig_cppl_inner.o ABSOLUTE
    ../clib/signal.c                         0x00000000   Number         0  defsig_segv_inner.o ABSOLUTE
    ../clib/signal.c                         0x00000000   Number         0  defsig_other.o ABSOLUTE
    ../clib/signal.c                         0x00000000   Number         0  defsig_general.o ABSOLUTE
    ../clib/signal.s                         0x00000000   Number         0  defsig.o ABSOLUTE
    ../clib/stdlib.c                         0x00000000   Number         0  exit.o ABSOLUTE
    ../fplib/fpinit.s                        0x00000000   Number         0  fpinit.o ABSOLUTE
    button.c                                 0x00000000   Number         0  button.o ABSOLUTE
    buzzer.c                                 0x00000000   Number         0  buzzer.o ABSOLUTE
    dc.s                                     0x00000000   Number         0  dc.o ABSOLUTE
    delay.c                                  0x00000000   Number         0  delay.o ABSOLUTE
    keypad.c                                 0x00000000   Number         0  keypad.o ABSOLUTE
    lcd.c                                    0x00000000   Number         0  lcd.o ABSOLUTE
    led.c                                    0x00000000   Number         0  led.o ABSOLUTE
    main.c                                   0x00000000   Number         0  main.o ABSOLUTE
    startup_TM4C123.s                        0x00000000   Number         0  startup_tm4c123.o ABSOLUTE
    !!!main                                  0x0000026c   Section        8  __main.o(!!!main)
    !!!scatter                               0x00000274   Section       52  __scatter.o(!!!scatter)
    !!handler_copy                           0x000002a8   Section       26  __scatter_copy.o(!!handler_copy)
    !!handler_zi                             0x000002c4   Section       28  __scatter_zi.o(!!handler_zi)
    .ARM.Collect$$_printf_percent$$00000000  0x000002e0   Section        0  _printf_percent.o(.ARM.Collect$$_printf_percent$$00000000)
    .ARM.Collect$$_printf_percent$$00000009  0x000002e0   Section        6  _printf_d.o(.ARM.Collect$$_printf_percent$$00000009)
    .ARM.Collect$$_printf_percent$$00000017  0x000002e6   Section        4  _printf_percent_end.o(.ARM.Collect$$_printf_percent$$00000017)
    .ARM.Collect$$libinit$$00000000          0x000002ea   Section        2  libinit.o(.ARM.Collect$$libinit$$00000000)
    .ARM.Collect$$libinit$$00000001          0x000002ec   Section        4  libinit2.o(.ARM.Collect$$libinit$$00000001)
    .ARM.Collect$$libinit$$00000008          0x000002f0   Section        0  libinit2.o(.ARM.Collect$$libinit$$00000008)
    .ARM.Collect$$libinit$$0000000A          0x000002f0   Section        0  libinit2.o(.ARM.Collect$$libinit$$0000000A)
    .ARM.Collect$$libinit$$0000000C          0x000002f0   Section        0  libinit2.o(.ARM.Collect$$libinit$$0000000C)
    .ARM.Collect$$libinit$$0000000D          0x000002f0   Section        6  libinit2.o(.ARM.Collect$$libinit$$0000000D)
    .ARM.Collect$$libinit$$0000000F          0x000002f6   Section        0  libinit2.o(.ARM.Collect$$libinit$$0000000F)
    .ARM.Collect$$libinit$$00000010          0x000002f6   Section       12  libinit2.o(.ARM.Collect$$libinit$$00000010)
    .ARM.Collect$$libinit$$00000011          0x00000302   Section        0  libinit2.o(.ARM.Collect$$libinit$$00000011)
    .ARM.Collect$$libinit$$00000013          0x00000302   Section        0  libinit2.o(.ARM.Collect$$libinit$$00000013)
    .ARM.Collect$$libinit$$00000015          0x00000302   Section        0  libinit2.o(.ARM.Collect$$libinit$$00000015)
    .ARM.Collect$$libinit$$00000017          0x00000302   Section        0  libinit2.o(.ARM.Collect$$libinit$$00000017)
    .ARM.Collect$$libinit$$00000019          0x00000302   Section        0  libinit2.o(.ARM.Collect$$libinit$$00000019)
    .ARM.Collect$$libinit$$0000001B          0x00000302   Section        0  libinit2.o(.ARM.Collect$$libinit$$0000001B)
    .ARM.Collect$$libinit$$0000001D          0x00000302   Section        0  libinit2.o(.ARM.Collect$$libinit$$0000001D)
    .ARM.Collect$$libinit$$0000001F          0x00000302   Section        0  libinit2.o(.ARM.Collect$$libinit$$0000001F)
    .ARM.Collect$$libinit$$00000021          0x00000302   Section        0  libinit2.o(.ARM.Collect$$libinit$$00000021)
    .ARM.Collect$$libinit$$00000023          0x00000302   Section        0  libinit2.o(.ARM.Collect$$libinit$$00000023)
    .ARM.Collect$$libinit$$0000002A          0x00000302   Section        0  libinit2.o(.ARM.Collect$$libinit$$0000002A)
    .ARM.Collect$$libinit$$0000002C          0x00000302   Section        0  libinit2.o(.ARM.Collect$$libinit$$0000002C)
    .ARM.Collect$$libinit$$0000002E          0x00000302   Section        0  libinit2.o(.ARM.Collect$$libinit$$0000002E)
    .ARM.Collect$$libinit$$00000030          0x00000302   Section        0  libinit2.o(.ARM.Collect$$libinit$$00000030)
    .ARM.Collect$$libinit$$00000031          0x00000302   Section        2  libinit2.o(.ARM.Collect$$libinit$$00000031)
    .ARM.Collect$$libshutdown$$00000000      0x00000304   Section        2  libshutdown.o(.ARM.Collect$$libshutdown$$00000000)
    .ARM.Collect$$libshutdown$$00000003      0x00000306   Section        0  libshutdown2.o(.ARM.Collect$$libshutdown$$00000003)
    .ARM.Collect$$libshutdown$$00000006      0x00000306   Section        0  libshutdown2.o(.ARM.Collect$$libshutdown$$00000006)
    .ARM.Collect$$libshutdown$$00000009      0x00000306   Section        0  libshutdown2.o(.ARM.Collect$$libshutdown$$00000009)
    .ARM.Collect$$libshutdown$$0000000B      0x00000306   Section        0  libshutdown2.o(.ARM.Collect$$libshutdown$$0000000B)
    .ARM.Collect$$libshutdown$$0000000E      0x00000306   Section        0  libshutdown2.o(.ARM.Collect$$libshutdown$$0000000E)
    .ARM.Collect$$libshutdown$$0000000F      0x00000306   Section        2  libshutdown2.o(.ARM.Collect$$libshutdown$$0000000F)
    .ARM.Collect$$rtentry$$00000000          0x00000308   Section        0  rtentry.o(.ARM.Collect$$rtentry$$00000000)
    .ARM.Collect$$rtentry$$00000002          0x00000308   Section        0  rtentry2.o(.ARM.Collect$$rtentry$$00000002)
    .ARM.Collect$$rtentry$$00000004          0x00000308   Section        6  rtentry4.o(.ARM.Collect$$rtentry$$00000004)
    .ARM.Collect$$rtentry$$00000009          0x0000030e   Section        0  rtentry2.o(.ARM.Collect$$rtentry$$00000009)
    .ARM.Collect$$rtentry$$0000000A          0x0000030e   Section        4  rtentry2.o(.ARM.Collect$$rtentry$$0000000A)
    .ARM.Collect$$rtentry$$0000000C          0x00000312   Section        0  rtentry2.o(.ARM.Collect$$rtentry$$0000000C)
    .ARM.Collect$$rtentry$$0000000D          0x00000312   Section        8  rtentry2.o(.ARM.Collect$$rtentry$$0000000D)
    .ARM.Collect$$rtexit$$00000000           0x0000031a   Section        2  rtexit.o(.ARM.Collect$$rtexit$$00000000)
    .ARM.Collect$$rtexit$$00000002           0x0000031c   Section        0  rtexit2.o(.ARM.Collect$$rtexit$$00000002)
    .ARM.Collect$$rtexit$$00000003           0x0000031c   Section        4  rtexit2.o(.ARM.Collect$$rtexit$$00000003)
    .ARM.Collect$$rtexit$$00000004           0x00000320   Section        6  rtexit2.o(.ARM.Collect$$rtexit$$00000004)
    .text                                    0x00000328   Section      268  startup_tm4c123.o(.text)
    $v0                                      0x00000328   Number         0  startup_tm4c123.o(.text)
    .text                                    0x00000434   Section        0  led.o(.text)
    .text                                    0x00000524   Section        0  delay.o(.text)
    .text                                    0x00000590   Section        0  button.o(.text)
    .text                                    0x000006cc   Section        0  lcd.o(.text)
    .text                                    0x000008a8   Section        0  buzzer.o(.text)
    .text                                    0x0000096c   Section        0  keypad.o(.text)
    .text                                    0x00000aa0   Section        0  main.o(.text)
    .text                                    0x00000f08   Section        0  noretval__2sprintf.o(.text)
    .text                                    0x00000f30   Section        0  __printf.o(.text)
    .text                                    0x00000f98   Section        0  _printf_dec.o(.text)
    .text                                    0x00001010   Section        0  atoi.o(.text)
    .text                                    0x0000102a   Section        0  heapauxi.o(.text)
    .text                                    0x00001030   Section        8  rt_errno_addr_intlibspace.o(.text)
    .text                                    0x00001038   Section        0  _printf_intcommon.o(.text)
    .text                                    0x000010f0   Section        0  _printf_char_common.o(.text)
    _printf_input_char                       0x000010f1   Thumb Code    10  _printf_char_common.o(.text)
    .text                                    0x00001120   Section        0  _sputc.o(.text)
    .text                                    0x0000112a   Section        0  strtol.o(.text)
    .text                                    0x0000119c   Section        8  libspace.o(.text)
    .text                                    0x000011a4   Section       16  rt_ctype_table.o(.text)
    .text                                    0x000011b4   Section        0  _strtoul.o(.text)
    .text                                    0x00001252   Section       74  sys_stackheap_outer.o(.text)
    .text                                    0x0000129c   Section        8  rt_locale_intlibspace.o(.text)
    .text                                    0x000012a4   Section        0  _chval.o(.text)
    .text                                    0x000012c0   Section        0  exit.o(.text)
    .text                                    0x000012cc   Section      128  strcmpv7m.o(.text)
    .text                                    0x0000134c   Section        0  sys_exit.o(.text)
    .text                                    0x00001358   Section        2  use_no_semi.o(.text)
    .text                                    0x0000135a   Section        0  indicate_semi.o(.text)
    locale$$code                             0x0000135c   Section       44  lc_ctype_c.o(locale$$code)
    x$fpl$fpinit                             0x00001388   Section       10  fpinit.o(x$fpl$fpinit)
    $v0                                      0x00001388   Number         0  fpinit.o(x$fpl$fpinit)
    locale$$data                             0x000013b4   Section      272  lc_ctype_c.o(locale$$data)
    __lcctype_c_name                         0x000013b8   Data           2  lc_ctype_c.o(locale$$data)
    __lcctype_c_start                        0x000013c0   Data           0  lc_ctype_c.o(locale$$data)
    __lcctype_c_end                          0x000014c4   Data           0  lc_ctype_c.o(locale$$data)
    .data                                    0x20000000   Section       16  keypad.o(.data)
    .data                                    0x20000010   Section       16  main.o(.data)
    .bss                                     0x20000020   Section       96  libspace.o(.bss)
    HEAP                                     0x20000080   Section        0  startup_tm4c123.o(HEAP)
    STACK                                    0x20000080   Section      512  startup_tm4c123.o(STACK)
    Heap_Mem                                 0x20000080   Data           0  startup_tm4c123.o(HEAP)
    Stack_Mem                                0x20000080   Data         512  startup_tm4c123.o(STACK)
    __initial_sp                             0x20000280   Data           0  startup_tm4c123.o(STACK)

    Global Symbols

    Symbol Name                              Value     Ov Type        Size  Object(Section)

    BuildAttributes$$THM_ISAv4$E$P$D$K$B$S$7EM$VFPi3$EXTD16$VFPS$VFMA$PE$A:L22UL41UL21$X:L11$S22US41US21$IEEE1$IW$USESV6$~STKCKD$USESV7$~SHL$OSPACE$ROPI$EBA8$UX$STANDARDLIB$REQ8$PRES8$EABIv2 0x00000000   Number         0  anon$$obj.o ABSOLUTE
    __ARM_use_no_argv                        0x00000000   Number         0  main.o ABSOLUTE
    __Vectors                                0x00000000   Data           4  startup_tm4c123.o(RESET)
    __ARM_exceptions_init                     - Undefined Weak Reference
    __alloca_initialize                       - Undefined Weak Reference
    __cpp_initialize__aeabi_                  - Undefined Weak Reference
    __cxa_finalize                            - Undefined Weak Reference
    __sigvec_lookup                           - Undefined Weak Reference
    _atexit_init                              - Undefined Weak Reference
    _call_atexit_fns                          - Undefined Weak Reference
    _clock_init                               - Undefined Weak Reference
    _fp_trap_init                             - Undefined Weak Reference
    _fp_trap_shutdown                         - Undefined Weak Reference
    _get_lc_collate                           - Undefined Weak Reference
    _get_lc_monetary                          - Undefined Weak Reference
    _get_lc_numeric                           - Undefined Weak Reference
    _get_lc_time                              - Undefined Weak Reference
    _getenv_init                              - Undefined Weak Reference
    _handle_redirection                       - Undefined Weak Reference
    _init_alloc                               - Undefined Weak Reference
    _init_user_alloc                          - Undefined Weak Reference
    _initio                                   - Undefined Weak Reference
    _printf_post_padding                      - Undefined Weak Reference
    _printf_pre_padding                       - Undefined Weak Reference
    _printf_truncate_signed                   - Undefined Weak Reference
    _printf_truncate_unsigned                 - Undefined Weak Reference
    _rand_init                                - Undefined Weak Reference
    _signal_finish                            - Undefined Weak Reference
    _signal_init                              - Undefined Weak Reference
    _terminate_alloc                          - Undefined Weak Reference
    _terminate_user_alloc                     - Undefined Weak Reference
    _terminateio                              - Undefined Weak Reference
    __Vectors_End                            0x0000026c   Data           0  startup_tm4c123.o(RESET)
    __Vectors_Size                           0x0000026c   Number         0  startup_tm4c123.o ABSOLUTE
    __main                                   0x0000026d   Thumb Code     8  __main.o(!!!main)
    __scatterload                            0x00000275   Thumb Code     0  __scatter.o(!!!scatter)
    __scatterload_rt2                        0x00000275   Thumb Code    44  __scatter.o(!!!scatter)
    __scatterload_rt2_thumb_only             0x00000275   Thumb Code     0  __scatter.o(!!!scatter)
    __scatterload_null                       0x00000283   Thumb Code     0  __scatter.o(!!!scatter)
    __scatterload_copy                       0x000002a9   Thumb Code    26  __scatter_copy.o(!!handler_copy)
    __scatterload_zeroinit                   0x000002c5   Thumb Code    28  __scatter_zi.o(!!handler_zi)
    _printf_d                                0x000002e1   Thumb Code     0  _printf_d.o(.ARM.Collect$$_printf_percent$$00000009)
    _printf_percent                          0x000002e1   Thumb Code     0  _printf_percent.o(.ARM.Collect$$_printf_percent$$00000000)
    _printf_percent_end                      0x000002e7   Thumb Code     0  _printf_percent_end.o(.ARM.Collect$$_printf_percent$$00000017)
    __rt_lib_init                            0x000002eb   Thumb Code     0  libinit.o(.ARM.Collect$$libinit$$00000000)
    __rt_lib_init_fp_1                       0x000002ed   Thumb Code     0  libinit2.o(.ARM.Collect$$libinit$$00000001)
    __rt_lib_init_heap_1                     0x000002f1   Thumb Code     0  libinit2.o(.ARM.Collect$$libinit$$00000008)
    __rt_lib_init_lc_common                  0x000002f1   Thumb Code     0  libinit2.o(.ARM.Collect$$libinit$$0000000D)
    __rt_lib_init_rand_1                     0x000002f1   Thumb Code     0  libinit2.o(.ARM.Collect$$libinit$$0000000C)
    __rt_lib_init_user_alloc_1               0x000002f1   Thumb Code     0  libinit2.o(.ARM.Collect$$libinit$$0000000A)
    __rt_lib_init_lc_collate_1               0x000002f7   Thumb Code     0  libinit2.o(.ARM.Collect$$libinit$$0000000F)
    __rt_lib_init_lc_ctype_2                 0x000002f7   Thumb Code     0  libinit2.o(.ARM.Collect$$libinit$$00000010)
    __rt_lib_init_alloca_1                   0x00000303   Thumb Code     0  libinit2.o(.ARM.Collect$$libinit$$0000002C)
    __rt_lib_init_argv_1                     0x00000303   Thumb Code     0  libinit2.o(.ARM.Collect$$libinit$$0000002A)
    __rt_lib_init_atexit_1                   0x00000303   Thumb Code     0  libinit2.o(.ARM.Collect$$libinit$$00000019)
    __rt_lib_init_clock_1                    0x00000303   Thumb Code     0  libinit2.o(.ARM.Collect$$libinit$$0000001F)
    __rt_lib_init_cpp_1                      0x00000303   Thumb Code     0  libinit2.o(.ARM.Collect$$libinit$$00000030)
    __rt_lib_init_exceptions_1               0x00000303   Thumb Code     0  libinit2.o(.ARM.Collect$$libinit$$0000002E)
    __rt_lib_init_fp_trap_1                  0x00000303   Thumb Code     0  libinit2.o(.ARM.Collect$$libinit$$0000001D)
    __rt_lib_init_getenv_1                   0x00000303   Thumb Code     0  libinit2.o(.ARM.Collect$$libinit$$00000021)
    __rt_lib_init_lc_ctype_1                 0x00000303   Thumb Code     0  libinit2.o(.ARM.Collect$$libinit$$00000011)
    __rt_lib_init_lc_monetary_1              0x00000303   Thumb Code     0  libinit2.o(.ARM.Collect$$libinit$$00000013)
    __rt_lib_init_lc_numeric_1               0x00000303   Thumb Code     0  libinit2.o(.ARM.Collect$$libinit$$00000015)
    __rt_lib_init_lc_time_1                  0x00000303   Thumb Code     0  libinit2.o(.ARM.Collect$$libinit$$00000017)
    __rt_lib_init_return                     0x00000303   Thumb Code     0  libinit2.o(.ARM.Collect$$libinit$$00000031)
    __rt_lib_init_signal_1                   0x00000303   Thumb Code     0  libinit2.o(.ARM.Collect$$libinit$$0000001B)
    __rt_lib_init_stdio_1                    0x00000303   Thumb Code     0  libinit2.o(.ARM.Collect$$libinit$$00000023)
    __rt_lib_shutdown                        0x00000305   Thumb Code     0  libshutdown.o(.ARM.Collect$$libshutdown$$00000000)
    __rt_lib_shutdown_fp_trap_1              0x00000307   Thumb Code     0  libshutdown2.o(.ARM.Collect$$libshutdown$$00000006)
    __rt_lib_shutdown_heap_1                 0x00000307   Thumb Code     0  libshutdown2.o(.ARM.Collect$$libshutdown$$0000000E)
    __rt_lib_shutdown_return                 0x00000307   Thumb Code     0  libshutdown2.o(.ARM.Collect$$libshutdown$$0000000F)
    __rt_lib_shutdown_signal_1               0x00000307   Thumb Code     0  libshutdown2.o(.ARM.Collect$$libshutdown$$00000009)
    __rt_lib_shutdown_stdio_1                0x00000307   Thumb Code     0  libshutdown2.o(.ARM.Collect$$libshutdown$$00000003)
    __rt_lib_shutdown_user_alloc_1           0x00000307   Thumb Code     0  libshutdown2.o(.ARM.Collect$$libshutdown$$0000000B)
    __rt_entry                               0x00000309   Thumb Code     0  rtentry.o(.ARM.Collect$$rtentry$$00000000)
    __rt_entry_presh_1                       0x00000309   Thumb Code     0  rtentry2.o(.ARM.Collect$$rtentry$$00000002)
    __rt_entry_sh                            0x00000309   Thumb Code     0  rtentry4.o(.ARM.Collect$$rtentry$$00000004)
    __rt_entry_li                            0x0000030f   Thumb Code     0  rtentry2.o(.ARM.Collect$$rtentry$$0000000A)
    __rt_entry_postsh_1                      0x0000030f   Thumb Code     0  rtentry2.o(.ARM.Collect$$rtentry$$00000009)
    __rt_entry_main                          0x00000313   Thumb Code     0  rtentry2.o(.ARM.Collect$$rtentry$$0000000D)
    __rt_entry_postli_1                      0x00000313   Thumb Code     0  rtentry2.o(.ARM.Collect$$rtentry$$0000000C)
    __rt_exit                                0x0000031b   Thumb Code     0  rtexit.o(.ARM.Collect$$rtexit$$00000000)
    __rt_exit_ls                             0x0000031d   Thumb Code     0  rtexit2.o(.ARM.Collect$$rtexit$$00000003)
    __rt_exit_prels_1                        0x0000031d   Thumb Code     0  rtexit2.o(.ARM.Collect$$rtexit$$00000002)
    __rt_exit_exit                           0x00000321   Thumb Code     0  rtexit2.o(.ARM.Collect$$rtexit$$00000004)
    Reset_Handler                            0x00000329   Thumb Code     4  startup_tm4c123.o(.text)
    NMI_Handler                              0x0000032d   Thumb Code     2  startup_tm4c123.o(.text)
    HardFault_Handler                        0x0000032f   Thumb Code     2  startup_tm4c123.o(.text)
    MemManage_Handler                        0x00000331   Thumb Code     2  startup_tm4c123.o(.text)
    BusFault_Handler                         0x00000333   Thumb Code     2  startup_tm4c123.o(.text)
    UsageFault_Handler                       0x00000335   Thumb Code     2  startup_tm4c123.o(.text)
    SVC_Handler                              0x00000337   Thumb Code     2  startup_tm4c123.o(.text)
    DebugMon_Handler                         0x00000339   Thumb Code     2  startup_tm4c123.o(.text)
    PendSV_Handler                           0x0000033b   Thumb Code     2  startup_tm4c123.o(.text)
    SysTick_Handler                          0x0000033d   Thumb Code     2  startup_tm4c123.o(.text)
    GPIOA_Handler                            0x0000033f   Thumb Code     2  startup_tm4c123.o(.text)
    GPIOB_Handler                            0x00000341   Thumb Code     2  startup_tm4c123.o(.text)
    GPIOC_Handler                            0x00000343   Thumb Code     2  startup_tm4c123.o(.text)
    GPIOD_Handler                            0x00000345   Thumb Code     2  startup_tm4c123.o(.text)
    GPIOE_Handler                            0x00000347   Thumb Code     2  startup_tm4c123.o(.text)
    UART0_Handler                            0x00000349   Thumb Code     2  startup_tm4c123.o(.text)
    UART1_Handler                            0x0000034b   Thumb Code     2  startup_tm4c123.o(.text)
    SSI0_Handler                             0x0000034d   Thumb Code     2  startup_tm4c123.o(.text)
    I2C0_Handler                             0x0000034f   Thumb Code     2  startup_tm4c123.o(.text)
    PMW0_FAULT_Handler                       0x00000351   Thumb Code     2  startup_tm4c123.o(.text)
    PWM0_0_Handler                           0x00000353   Thumb Code     2  startup_tm4c123.o(.text)
    PWM0_1_Handler                           0x00000355   Thumb Code     2  startup_tm4c123.o(.text)
    PWM0_2_Handler                           0x00000357   Thumb Code     2  startup_tm4c123.o(.text)
    QEI0_Handler                             0x00000359   Thumb Code     2  startup_tm4c123.o(.text)
    ADC0SS0_Handler                          0x0000035b   Thumb Code     2  startup_tm4c123.o(.text)
    ADC0SS1_Handler                          0x0000035d   Thumb Code     2  startup_tm4c123.o(.text)
    ADC0SS2_Handler                          0x0000035f   Thumb Code     2  startup_tm4c123.o(.text)
    ADC0SS3_Handler                          0x00000361   Thumb Code     2  startup_tm4c123.o(.text)
    WDT0_Handler                             0x00000363   Thumb Code     2  startup_tm4c123.o(.text)
    TIMER0A_Handler                          0x00000365   Thumb Code     2  startup_tm4c123.o(.text)
    TIMER0B_Handler                          0x00000367   Thumb Code     2  startup_tm4c123.o(.text)
    TIMER1A_Handler                          0x00000369   Thumb Code     2  startup_tm4c123.o(.text)
    TIMER1B_Handler                          0x0000036b   Thumb Code     2  startup_tm4c123.o(.text)
    TIMER2A_Handler                          0x0000036d   Thumb Code     2  startup_tm4c123.o(.text)
    TIMER2B_Handler                          0x0000036f   Thumb Code     2  startup_tm4c123.o(.text)
    COMP0_Handler                            0x00000371   Thumb Code     2  startup_tm4c123.o(.text)
    COMP1_Handler                            0x00000373   Thumb Code     2  startup_tm4c123.o(.text)
    COMP2_Handler                            0x00000375   Thumb Code     2  startup_tm4c123.o(.text)
    SYSCTL_Handler                           0x00000377   Thumb Code     2  startup_tm4c123.o(.text)
    FLASH_Handler                            0x00000379   Thumb Code     2  startup_tm4c123.o(.text)
    GPIOF_Handler                            0x0000037b   Thumb Code     2  startup_tm4c123.o(.text)
    GPIOG_Handler                            0x0000037d   Thumb Code     2  startup_tm4c123.o(.text)
    GPIOH_Handler                            0x0000037f   Thumb Code     2  startup_tm4c123.o(.text)
    UART2_Handler                            0x00000381   Thumb Code     2  startup_tm4c123.o(.text)
    SSI1_Handler                             0x00000383   Thumb Code     2  startup_tm4c123.o(.text)
    TIMER3A_Handler                          0x00000385   Thumb Code     2  startup_tm4c123.o(.text)
    TIMER3B_Handler                          0x00000387   Thumb Code     2  startup_tm4c123.o(.text)
    I2C1_Handler                             0x00000389   Thumb Code     2  startup_tm4c123.o(.text)
    QEI1_Handler                             0x0000038b   Thumb Code     2  startup_tm4c123.o(.text)
    CAN0_Handler                             0x0000038d   Thumb Code     2  startup_tm4c123.o(.text)
    CAN1_Handler                             0x0000038f   Thumb Code     2  startup_tm4c123.o(.text)
    CAN2_Handler                             0x00000391   Thumb Code     2  startup_tm4c123.o(.text)
    HIB_Handler                              0x00000393   Thumb Code     2  startup_tm4c123.o(.text)
    USB0_Handler                             0x00000395   Thumb Code     2  startup_tm4c123.o(.text)
    PWM0_3_Handler                           0x00000397   Thumb Code     2  startup_tm4c123.o(.text)
    UDMA_Handler                             0x00000399   Thumb Code     2  startup_tm4c123.o(.text)
    UDMAERR_Handler                          0x0000039b   Thumb Code     2  startup_tm4c123.o(.text)
    ADC1SS0_Handler                          0x0000039d   Thumb Code     2  startup_tm4c123.o(.text)
    ADC1SS1_Handler                          0x0000039f   Thumb Code     2  startup_tm4c123.o(.text)
    ADC1SS2_Handler                          0x000003a1   Thumb Code     2  startup_tm4c123.o(.text)
    ADC1SS3_Handler                          0x000003a3   Thumb Code     2  startup_tm4c123.o(.text)
    GPIOJ_Handler                            0x000003a5   Thumb Code     2  startup_tm4c123.o(.text)
    GPIOK_Handler                            0x000003a7   Thumb Code     2  startup_tm4c123.o(.text)
    GPIOL_Handler                            0x000003a9   Thumb Code     2  startup_tm4c123.o(.text)
    SSI2_Handler                             0x000003ab   Thumb Code     2  startup_tm4c123.o(.text)
    SSI3_Handler                             0x000003ad   Thumb Code     2  startup_tm4c123.o(.text)
    UART3_Handler                            0x000003af   Thumb Code     2  startup_tm4c123.o(.text)
    UART4_Handler                            0x000003b1   Thumb Code     2  startup_tm4c123.o(.text)
    UART5_Handler                            0x000003b3   Thumb Code     2  startup_tm4c123.o(.text)
    UART6_Handler                            0x000003b5   Thumb Code     2  startup_tm4c123.o(.text)
    UART7_Handler                            0x000003b7   Thumb Code     2  startup_tm4c123.o(.text)
    I2C2_Handler                             0x000003b9   Thumb Code     2  startup_tm4c123.o(.text)
    I2C3_Handler                             0x000003bb   Thumb Code     2  startup_tm4c123.o(.text)
    TIMER4A_Handler                          0x000003bd   Thumb Code     2  startup_tm4c123.o(.text)
    TIMER4B_Handler                          0x000003bf   Thumb Code     2  startup_tm4c123.o(.text)
    TIMER5A_Handler                          0x000003c1   Thumb Code     2  startup_tm4c123.o(.text)
    TIMER5B_Handler                          0x000003c3   Thumb Code     2  startup_tm4c123.o(.text)
    WTIMER0A_Handler                         0x000003c5   Thumb Code     2  startup_tm4c123.o(.text)
    WTIMER0B_Handler                         0x000003c7   Thumb Code     2  startup_tm4c123.o(.text)
    WTIMER1A_Handler                         0x000003c9   Thumb Code     2  startup_tm4c123.o(.text)
    WTIMER1B_Handler                         0x000003cb   Thumb Code     2  startup_tm4c123.o(.text)
    WTIMER2A_Handler                         0x000003cd   Thumb Code     2  startup_tm4c123.o(.text)
    WTIMER2B_Handler                         0x000003cf   Thumb Code     2  startup_tm4c123.o(.text)
    WTIMER3A_Handler                         0x000003d1   Thumb Code     2  startup_tm4c123.o(.text)
    WTIMER3B_Handler                         0x000003d3   Thumb Code     2  startup_tm4c123.o(.text)
    WTIMER4A_Handler                         0x000003d5   Thumb Code     2  startup_tm4c123.o(.text)
    WTIMER4B_Handler                         0x000003d7   Thumb Code     2  startup_tm4c123.o(.text)
    WTIMER5A_Handler                         0x000003d9   Thumb Code     2  startup_tm4c123.o(.text)
    WTIMER5B_Handler                         0x000003db   Thumb Code     2  startup_tm4c123.o(.text)
    FPU_Handler                              0x000003dd   Thumb Code     2  startup_tm4c123.o(.text)
    I2C4_Handler                             0x000003df   Thumb Code     2  startup_tm4c123.o(.text)
    I2C5_Handler                             0x000003e1   Thumb Code     2  startup_tm4c123.o(.text)
    GPIOM_Handler                            0x000003e3   Thumb Code     2  startup_tm4c123.o(.text)
    GPION_Handler                            0x000003e5   Thumb Code     2  startup_tm4c123.o(.text)
    QEI2_Handler                             0x000003e7   Thumb Code     2  startup_tm4c123.o(.text)
    GPIOP0_Handler                           0x000003e9   Thumb Code     2  startup_tm4c123.o(.text)
    GPIOP1_Handler                           0x000003eb   Thumb Code     2  startup_tm4c123.o(.text)
    GPIOP2_Handler                           0x000003ed   Thumb Code     2  startup_tm4c123.o(.text)
    GPIOP3_Handler                           0x000003ef   Thumb Code     2  startup_tm4c123.o(.text)
    GPIOP4_Handler                           0x000003f1   Thumb Code     2  startup_tm4c123.o(.text)
    GPIOP5_Handler                           0x000003f3   Thumb Code     2  startup_tm4c123.o(.text)
    GPIOP6_Handler                           0x000003f5   Thumb Code     2  startup_tm4c123.o(.text)
    GPIOP7_Handler                           0x000003f7   Thumb Code     2  startup_tm4c123.o(.text)
    GPIOQ0_Handler                           0x000003f9   Thumb Code     2  startup_tm4c123.o(.text)
    GPIOQ1_Handler                           0x000003fb   Thumb Code     2  startup_tm4c123.o(.text)
    GPIOQ2_Handler                           0x000003fd   Thumb Code     2  startup_tm4c123.o(.text)
    GPIOQ3_Handler                           0x000003ff   Thumb Code     2  startup_tm4c123.o(.text)
    GPIOQ4_Handler                           0x00000401   Thumb Code     2  startup_tm4c123.o(.text)
    GPIOQ5_Handler                           0x00000403   Thumb Code     2  startup_tm4c123.o(.text)
    GPIOQ6_Handler                           0x00000405   Thumb Code     2  startup_tm4c123.o(.text)
    GPIOQ7_Handler                           0x00000407   Thumb Code     2  startup_tm4c123.o(.text)
    GPIOR_Handler                            0x00000409   Thumb Code     2  startup_tm4c123.o(.text)
    GPIOS_Handler                            0x0000040b   Thumb Code     2  startup_tm4c123.o(.text)
    PMW1_0_Handler                           0x0000040d   Thumb Code     2  startup_tm4c123.o(.text)
    PWM1_1_Handler                           0x0000040f   Thumb Code     2  startup_tm4c123.o(.text)
    PWM1_2_Handler                           0x00000411   Thumb Code     2  startup_tm4c123.o(.text)
    PWM1_3_Handler                           0x00000413   Thumb Code     2  startup_tm4c123.o(.text)
    PWM1_FAULT_Handler                       0x00000415   Thumb Code     2  startup_tm4c123.o(.text)
    __user_initial_stackheap                 0x00000419   Thumb Code     0  startup_tm4c123.o(.text)
    RGBLED_Init                              0x00000435   Thumb Code   130  led.o(.text)
    RGB_OFF                                  0x000004b7   Thumb Code    16  led.o(.text)
    RGB_ON                                   0x000004c7   Thumb Code    16  led.o(.text)
    RGB_TOGGLE                               0x000004d7   Thumb Code    16  led.o(.text)
    RED_OFF                                  0x000004e7   Thumb Code    16  led.o(.text)
    RED_ON                                   0x000004f7   Thumb Code    16  led.o(.text)
    delay_us                                 0x00000525   Thumb Code    22  delay.o(.text)
    SysTick_wait                             0x0000053b   Thumb Code    36  delay.o(.text)
    delay_ms                                 0x0000055f   Thumb Code    24  delay.o(.text)
    delay_s                                  0x00000577   Thumb Code    22  delay.o(.text)
    SWs_Init                                 0x00000591   Thumb Code   246  button.o(.text)
    SW2_Read                                 0x00000687   Thumb Code    10  button.o(.text)
    SW1_Read                                 0x00000691   Thumb Code    12  button.o(.text)
    SW3_Read                                 0x0000069d   Thumb Code    12  button.o(.text)
    LCD_cmd                                  0x000006cd   Thumb Code    42  lcd.o(.text)
    LCD_char                                 0x000006f7   Thumb Code    38  lcd.o(.text)
    PortB_Init                               0x0000071d   Thumb Code    84  lcd.o(.text)
    PortE_Init                               0x00000771   Thumb Code   114  lcd.o(.text)
    LCD_Init                                 0x000007e3   Thumb Code    84  lcd.o(.text)
    LCD_write_string                         0x00000837   Thumb Code    30  lcd.o(.text)
    LCD_goto_position                        0x00000855   Thumb Code    36  lcd.o(.text)
    LCD_VCLRScreen                           0x00000879   Thumb Code    10  lcd.o(.text)
    Buzzer_VInit                             0x000008a9   Thumb Code   120  buzzer.o(.text)
    Buzzer_ON                                0x00000921   Thumb Code    18  buzzer.o(.text)
    Buzzer_OFF                               0x00000933   Thumb Code    18  buzzer.o(.text)
    Buzzer_TOGGLE                            0x00000945   Thumb Code    18  buzzer.o(.text)
    keypad_Init                              0x0000096d   Thumb Code   150  keypad.o(.text)
    keypad_getkey                            0x00000a03   Thumb Code   120  keypad.o(.text)
    reset                                    0x00000aa1   Thumb Code    18  main.o(.text)
    done                                     0x00000ab3   Thumb Code     2  main.o(.text)
    pause                                    0x00000ab5   Thumb Code    52  main.o(.text)
    openDoor                                 0x00000ae9   Thumb Code     2  main.o(.text)
    display_numbers                          0x00000aeb   Thumb Code    82  main.o(.text)
    Is_Programme                             0x00000b3d   Thumb Code    26  main.o(.text)
    SysInit                                  0x00000b57   Thumb Code    24  main.o(.text)
    main                                     0x00000b6f   Thumb Code   428  main.o(.text)
    Is_Number                                0x00000d1b   Thumb Code    34  main.o(.text)
    Is_ValidWeight                           0x00000d3d   Thumb Code    32  main.o(.text)
    Error_msg                                0x00000d5d   Thumb Code    36  main.o(.text)
    EnterTime                                0x00000d81   Thumb Code   258  main.o(.text)
    __2sprintf                               0x00000f09   Thumb Code    34  noretval__2sprintf.o(.text)
    __printf                                 0x00000f31   Thumb Code   104  __printf.o(.text)
    _printf_int_dec                          0x00000f99   Thumb Code   102  _printf_dec.o(.text)
    atoi                                     0x00001011   Thumb Code    26  atoi.o(.text)
    __use_two_region_memory                  0x0000102b   Thumb Code     2  heapauxi.o(.text)
    __rt_heap_escrow$2region                 0x0000102d   Thumb Code     2  heapauxi.o(.text)
    __rt_heap_expand$2region                 0x0000102f   Thumb Code     2  heapauxi.o(.text)
    __aeabi_errno_addr                       0x00001031   Thumb Code     8  rt_errno_addr_intlibspace.o(.text)
    __errno$intlibspace                      0x00001031   Thumb Code     0  rt_errno_addr_intlibspace.o(.text)
    __rt_errno_addr$intlibspace              0x00001031   Thumb Code     0  rt_errno_addr_intlibspace.o(.text)
    _printf_int_common                       0x00001039   Thumb Code   184  _printf_intcommon.o(.text)
    _printf_char_common                      0x000010fb   Thumb Code    32  _printf_char_common.o(.text)
    _sputc                                   0x00001121   Thumb Code    10  _sputc.o(.text)
    strtol                                   0x0000112b   Thumb Code   112  strtol.o(.text)
    __user_libspace                          0x0000119d   Thumb Code     8  libspace.o(.text)
    __user_perproc_libspace                  0x0000119d   Thumb Code     0  libspace.o(.text)
    __user_perthread_libspace                0x0000119d   Thumb Code     0  libspace.o(.text)
    __rt_ctype_table                         0x000011a5   Thumb Code    16  rt_ctype_table.o(.text)
    _strtoul                                 0x000011b5   Thumb Code   158  _strtoul.o(.text)
    __user_setup_stackheap                   0x00001253   Thumb Code    74  sys_stackheap_outer.o(.text)
    __rt_locale                              0x0000129d   Thumb Code     8  rt_locale_intlibspace.o(.text)
    _chval                                   0x000012a5   Thumb Code    28  _chval.o(.text)
    exit                                     0x000012c1   Thumb Code    12  exit.o(.text)
    strcmp                                   0x000012cd   Thumb Code   128  strcmpv7m.o(.text)
    _sys_exit                                0x0000134d   Thumb Code     8  sys_exit.o(.text)
    __I$use$semihosting                      0x00001359   Thumb Code     0  use_no_semi.o(.text)
    __use_no_semihosting_swi                 0x00001359   Thumb Code     2  use_no_semi.o(.text)
    __semihosting_library_function           0x0000135b   Thumb Code     0  indicate_semi.o(.text)
    _get_lc_ctype                            0x0000135d   Thumb Code    44  lc_ctype_c.o(locale$$code)
    _fp_init                                 0x00001389   Thumb Code    10  fpinit.o(x$fpl$fpinit)
    __fplib_config_fpu_vfp                   0x00001391   Thumb Code     0  fpinit.o(x$fpl$fpinit)
    __fplib_config_pureend_doubles           0x00001391   Thumb Code     0  fpinit.o(x$fpl$fpinit)
    Region$$Table$$Base                      0x00001394   Number         0  anon$$obj.o(Region$$Table)
    Region$$Table$$Limit                     0x000013b4   Number         0  anon$$obj.o(Region$$Table)
    __ctype                                  0x000013c1   Data           0  lc_ctype_c.o(locale$$data)
    symbol                                   0x20000000   Data          16  keypad.o(.data)
    SAME_PROG                                0x20000010   Data           1  main.o(.data)
    state                                    0x20000014   Data           4  main.o(.data)
    prog                                     0x20000018   Data           1  main.o(.data)
    number_of_seconds                        0x2000001c   Data           4  main.o(.data)
    __libspace_start                         0x20000020   Data          96  libspace.o(.bss)
    __temporary_stack_top$libspace           0x20000080   Data           0  libspace.o(.bss)



==============================================================================

Memory Map of the image

  Image Entry point : 0x00000329

  Load Region LR_1 (Base: 0x00000000, Size: 0x000014e4, Max: 0xffffffff, ABSOLUTE)

    Execution Region ER_RO (Base: 0x00000000, Size: 0x000014c4, Max: 0xffffffff, ABSOLUTE)

    Base Addr    Size         Type   Attr      Idx    E Section Name        Object

    0x00000000   0x0000026c   Data   RO            3    RESET               startup_tm4c123.o
    0x0000026c   0x00000008   Code   RO          177  * !!!main             c_w.l(__main.o)
    0x00000274   0x00000034   Code   RO          363    !!!scatter          c_w.l(__scatter.o)
    0x000002a8   0x0000001a   Code   RO          365    !!handler_copy      c_w.l(__scatter_copy.o)
    0x000002c2   0x00000002   PAD
    0x000002c4   0x0000001c   Code   RO          367    !!handler_zi        c_w.l(__scatter_zi.o)
    0x000002e0   0x00000000   Code   RO          172    .ARM.Collect$$_printf_percent$$00000000  c_w.l(_printf_percent.o)
    0x000002e0   0x00000006   Code   RO          171    .ARM.Collect$$_printf_percent$$00000009  c_w.l(_printf_d.o)
    0x000002e6   0x00000004   Code   RO          191    .ARM.Collect$$_printf_percent$$00000017  c_w.l(_printf_percent_end.o)
    0x000002ea   0x00000002   Code   RO          237    .ARM.Collect$$libinit$$00000000  c_w.l(libinit.o)
    0x000002ec   0x00000004   Code   RO          242    .ARM.Collect$$libinit$$00000001  c_w.l(libinit2.o)
    0x000002f0   0x00000000   Code   RO          246    .ARM.Collect$$libinit$$00000008  c_w.l(libinit2.o)
    0x000002f0   0x00000000   Code   RO          248    .ARM.Collect$$libinit$$0000000A  c_w.l(libinit2.o)
    0x000002f0   0x00000000   Code   RO          250    .ARM.Collect$$libinit$$0000000C  c_w.l(libinit2.o)
    0x000002f0   0x00000006   Code   RO          251    .ARM.Collect$$libinit$$0000000D  c_w.l(libinit2.o)
    0x000002f6   0x00000000   Code   RO          253    .ARM.Collect$$libinit$$0000000F  c_w.l(libinit2.o)
    0x000002f6   0x0000000c   Code   RO          254    .ARM.Collect$$libinit$$00000010  c_w.l(libinit2.o)
    0x00000302   0x00000000   Code   RO          255    .ARM.Collect$$libinit$$00000011  c_w.l(libinit2.o)
    0x00000302   0x00000000   Code   RO          257    .ARM.Collect$$libinit$$00000013  c_w.l(libinit2.o)
    0x00000302   0x00000000   Code   RO          259    .ARM.Collect$$libinit$$00000015  c_w.l(libinit2.o)
    0x00000302   0x00000000   Code   RO          261    .ARM.Collect$$libinit$$00000017  c_w.l(libinit2.o)
    0x00000302   0x00000000   Code   RO          263    .ARM.Collect$$libinit$$00000019  c_w.l(libinit2.o)
    0x00000302   0x00000000   Code   RO          265    .ARM.Collect$$libinit$$0000001B  c_w.l(libinit2.o)
    0x00000302   0x00000000   Code   RO          267    .ARM.Collect$$libinit$$0000001D  c_w.l(libinit2.o)
    0x00000302   0x00000000   Code   RO          269    .ARM.Collect$$libinit$$0000001F  c_w.l(libinit2.o)
    0x00000302   0x00000000   Code   RO          271    .ARM.Collect$$libinit$$00000021  c_w.l(libinit2.o)
    0x00000302   0x00000000   Code   RO          273    .ARM.Collect$$libinit$$00000023  c_w.l(libinit2.o)
    0x00000302   0x00000000   Code   RO          277    .ARM.Collect$$libinit$$0000002A  c_w.l(libinit2.o)
    0x00000302   0x00000000   Code   RO          279    .ARM.Collect$$libinit$$0000002C  c_w.l(libinit2.o)
    0x00000302   0x00000000   Code   RO          281    .ARM.Collect$$libinit$$0000002E  c_w.l(libinit2.o)
    0x00000302   0x00000000   Code   RO          283    .ARM.Collect$$libinit$$00000030  c_w.l(libinit2.o)
    0x00000302   0x00000002   Code   RO          284    .ARM.Collect$$libinit$$00000031  c_w.l(libinit2.o)
    0x00000304   0x00000002   Code   RO          304    .ARM.Collect$$libshutdown$$00000000  c_w.l(libshutdown.o)
    0x00000306   0x00000000   Code   RO          318    .ARM.Collect$$libshutdown$$00000003  c_w.l(libshutdown2.o)
    0x00000306   0x00000000   Code   RO          321    .ARM.Collect$$libshutdown$$00000006  c_w.l(libshutdown2.o)
    0x00000306   0x00000000   Code   RO          324    .ARM.Collect$$libshutdown$$00000009  c_w.l(libshutdown2.o)
    0x00000306   0x00000000   Code   RO          326    .ARM.Collect$$libshutdown$$0000000B  c_w.l(libshutdown2.o)
    0x00000306   0x00000000   Code   RO          329    .ARM.Collect$$libshutdown$$0000000E  c_w.l(libshutdown2.o)
    0x00000306   0x00000002   Code   RO          330    .ARM.Collect$$libshutdown$$0000000F  c_w.l(libshutdown2.o)
    0x00000308   0x00000000   Code   RO          179    .ARM.Collect$$rtentry$$00000000  c_w.l(rtentry.o)
    0x00000308   0x00000000   Code   RO          198    .ARM.Collect$$rtentry$$00000002  c_w.l(rtentry2.o)
    0x00000308   0x00000006   Code   RO          210    .ARM.Collect$$rtentry$$00000004  c_w.l(rtentry4.o)
    0x0000030e   0x00000000   Code   RO          200    .ARM.Collect$$rtentry$$00000009  c_w.l(rtentry2.o)
    0x0000030e   0x00000004   Code   RO          201    .ARM.Collect$$rtentry$$0000000A  c_w.l(rtentry2.o)
    0x00000312   0x00000000   Code   RO          203    .ARM.Collect$$rtentry$$0000000C  c_w.l(rtentry2.o)
    0x00000312   0x00000008   Code   RO          204    .ARM.Collect$$rtentry$$0000000D  c_w.l(rtentry2.o)
    0x0000031a   0x00000002   Code   RO          238    .ARM.Collect$$rtexit$$00000000  c_w.l(rtexit.o)
    0x0000031c   0x00000000   Code   RO          286    .ARM.Collect$$rtexit$$00000002  c_w.l(rtexit2.o)
    0x0000031c   0x00000004   Code   RO          287    .ARM.Collect$$rtexit$$00000003  c_w.l(rtexit2.o)
    0x00000320   0x00000006   Code   RO          288    .ARM.Collect$$rtexit$$00000004  c_w.l(rtexit2.o)
    0x00000326   0x00000002   PAD
    0x00000328   0x0000010c   Code   RO            4  * .text               startup_tm4c123.o
    0x00000434   0x000000f0   Code   RO           10    .text               led.o
    0x00000524   0x0000006c   Code   RO           29    .text               delay.o
    0x00000590   0x0000013c   Code   RO           44    .text               button.o
    0x000006cc   0x000001dc   Code   RO           59    .text               lcd.o
    0x000008a8   0x000000c4   Code   RO           77    .text               buzzer.o
    0x0000096c   0x00000134   Code   RO           92    .text               keypad.o
    0x00000aa0   0x00000468   Code   RO          110    .text               main.o
    0x00000f08   0x00000028   Code   RO          145    .text               c_w.l(noretval__2sprintf.o)
    0x00000f30   0x00000068   Code   RO          147    .text               c_w.l(__printf.o)
    0x00000f98   0x00000078   Code   RO          149    .text               c_w.l(_printf_dec.o)
    0x00001010   0x0000001a   Code   RO          173    .text               c_w.l(atoi.o)
    0x0000102a   0x00000006   Code   RO          175    .text               c_w.l(heapauxi.o)
    0x00001030   0x00000008   Code   RO          183    .text               c_w.l(rt_errno_addr_intlibspace.o)
    0x00001038   0x000000b8   Code   RO          185    .text               c_w.l(_printf_intcommon.o)
    0x000010f0   0x00000030   Code   RO          187    .text               c_w.l(_printf_char_common.o)
    0x00001120   0x0000000a   Code   RO          189    .text               c_w.l(_sputc.o)
    0x0000112a   0x00000070   Code   RO          192    .text               c_w.l(strtol.o)
    0x0000119a   0x00000002   PAD
    0x0000119c   0x00000008   Code   RO          194    .text               c_w.l(libspace.o)
    0x000011a4   0x00000010   Code   RO          212    .text               c_w.l(rt_ctype_table.o)
    0x000011b4   0x0000009e   Code   RO          216    .text               c_w.l(_strtoul.o)
    0x00001252   0x0000004a   Code   RO          218    .text               c_w.l(sys_stackheap_outer.o)
    0x0000129c   0x00000008   Code   RO          223    .text               c_w.l(rt_locale_intlibspace.o)
    0x000012a4   0x0000001c   Code   RO          225    .text               c_w.l(_chval.o)
    0x000012c0   0x0000000c   Code   RO          230    .text               c_w.l(exit.o)
    0x000012cc   0x00000080   Code   RO          240    .text               c_w.l(strcmpv7m.o)
    0x0000134c   0x0000000c   Code   RO          296    .text               c_w.l(sys_exit.o)
    0x00001358   0x00000002   Code   RO          307    .text               c_w.l(use_no_semi.o)
    0x0000135a   0x00000000   Code   RO          309    .text               c_w.l(indicate_semi.o)
    0x0000135a   0x00000002   PAD
    0x0000135c   0x0000002c   Code   RO          228    locale$$code        c_w.l(lc_ctype_c.o)
    0x00001388   0x0000000a   Code   RO          294    x$fpl$fpinit        fz_wm.l(fpinit.o)
    0x00001392   0x00000002   PAD
    0x00001394   0x00000020   Data   RO          361    Region$$Table       anon$$obj.o
    0x000013b4   0x00000110   Data   RO          227    locale$$data        c_w.l(lc_ctype_c.o)


    Execution Region ER_RW (Base: 0x20000000, Size: 0x00000020, Max: 0xffffffff, ABSOLUTE)

    Base Addr    Size         Type   Attr      Idx    E Section Name        Object

    0x20000000   0x00000010   Data   RW           93    .data               keypad.o
    0x20000010   0x00000010   Data   RW          111    .data               main.o


    Execution Region ER_ZI (Base: 0x20000020, Size: 0x00000260, Max: 0xffffffff, ABSOLUTE)

    Base Addr    Size         Type   Attr      Idx    E Section Name        Object

    0x20000020   0x00000060   Zero   RW          195    .bss                c_w.l(libspace.o)
    0x20000080   0x00000000   Zero   RW            2    HEAP                startup_tm4c123.o
    0x20000080   0x00000200   Zero   RW            1    STACK               startup_tm4c123.o


==============================================================================

Image component sizes


      Code (inc. data)   RO Data    RW Data    ZI Data      Debug   Object Name

       316         36          0          0          0        918   button.o
       196         22          0          0          0        694   buzzer.o
       108          4          0          0          0       1053   delay.o
       308         38          0         16          0       1269   keypad.o
       476         38          0          0          0       1712   lcd.o
       240         30          0          0          0       2291   led.o
      1128        142          0         16          0       3596   main.o
       268         20        620          0        512       5392   startup_tm4c123.o

    ----------------------------------------------------------------------
      3040        330        652         32        512      16925   Object Totals
         0          0         32          0          0          0   (incl. Generated)
         0          0          0          0          0          0   (incl. Padding)

    ----------------------------------------------------------------------

      Code (inc. data)   RO Data    RW Data    ZI Data      Debug   Library Member Name

         8          0          0          0          0         68   __main.o
       104          0          0          0          0         84   __printf.o
        52          8          0          0          0          0   __scatter.o
        26          0          0          0          0          0   __scatter_copy.o
        28          0          0          0          0          0   __scatter_zi.o
        28          0          0          0          0         68   _chval.o
        48          6          0          0          0         96   _printf_char_common.o
         6          0          0          0          0          0   _printf_d.o
       120         18          0          0          0         92   _printf_dec.o
       184          0          0          0          0         88   _printf_intcommon.o
         0          0          0          0          0          0   _printf_percent.o
         4          0          0          0          0          0   _printf_percent_end.o
        10          0          0          0          0         68   _sputc.o
       158          0          0          0          0         92   _strtoul.o
        26          0          0          0          0         80   atoi.o
        12          0          0          0          0         72   exit.o
         6          0          0          0          0        152   heapauxi.o
         0          0          0          0          0          0   indicate_semi.o
        44         10        272          0          0         76   lc_ctype_c.o
         2          0          0          0          0          0   libinit.o
        24          0          0          0          0          0   libinit2.o
         2          0          0          0          0          0   libshutdown.o
         2          0          0          0          0          0   libshutdown2.o
         8          4          0          0         96         68   libspace.o
        40          6          0          0          0         84   noretval__2sprintf.o
        16          4          0          0          0         76   rt_ctype_table.o
         8          4          0          0          0         68   rt_errno_addr_intlibspace.o
         8          4          0          0          0         68   rt_locale_intlibspace.o
         0          0          0          0          0          0   rtentry.o
        12          0          0          0          0          0   rtentry2.o
         6          0          0          0          0          0   rtentry4.o
         2          0          0          0          0          0   rtexit.o
        10          0          0          0          0          0   rtexit2.o
       128          0          0          0          0         68   strcmpv7m.o
       112          0          0          0          0         88   strtol.o
        12          4          0          0          0         68   sys_exit.o
        74          0          0          0          0         80   sys_stackheap_outer.o
         2          0          0          0          0         68   use_no_semi.o
        10          0          0          0          0        116   fpinit.o

    ----------------------------------------------------------------------
      1352         68        272          0         96       1888   Library Totals
        10          0          0          0          0          0   (incl. Padding)

    ----------------------------------------------------------------------

      Code (inc. data)   RO Data    RW Data    ZI Data      Debug   Library Name

      1332         68        272          0         96       1772   c_w.l
        10          0          0          0          0        116   fz_wm.l

    ----------------------------------------------------------------------
      1352         68        272          0         96       1888   Library Totals

    ----------------------------------------------------------------------

==============================================================================


      Code (inc. data)   RO Data    RW Data    ZI Data      Debug   

      4392        398        924         32        608      16773   Grand Totals
      4392        398        924         32        608      16773   ELF Image Totals
      4392        398        924         32          0          0   ROM Totals

==============================================================================

    Total RO  Size (Code + RO Data)                 5316 (   5.19kB)
    Total RW  Size (RW Data + ZI Data)               640 (   0.63kB)
    Total ROM Size (Code + RO Data + RW Data)       5348 (   5.22kB)

==============================================================================

