ARM Linker, 5.03 [Build 76] [MDK-ARM Lite]

==============================================================================

Section Cross References

    startup_tm4c123.o(STACK) refers (Special) to heapauxi.o(.text) for __use_two_region_memory
    startup_tm4c123.o(HEAP) refers (Special) to heapauxi.o(.text) for __use_two_region_memory
    startup_tm4c123.o(RESET) refers (Special) to heapauxi.o(.text) for __use_two_region_memory
    startup_tm4c123.o(RESET) refers to startup_tm4c123.o(STACK) for __initial_sp
    startup_tm4c123.o(RESET) refers to startup_tm4c123.o(.text) for Reset_Handler
    startup_tm4c123.o(.text) refers (Special) to heapauxi.o(.text) for __use_two_region_memory
    startup_tm4c123.o(.text) refers to __main.o(!!!main) for __main
    startup_tm4c123.o(.text) refers to startup_tm4c123.o(HEAP) for Heap_Mem
    startup_tm4c123.o(.text) refers to startup_tm4c123.o(STACK) for Stack_Mem
    lcd.o(.text) refers to delay.o(.text) for delay_ms
    keypad.o(.text) refers to delay.o(.text) for delay_ms
    keypad.o(.text) refers to buzzer.o(.text) for Buzzer_ON
    keypad.o(.text) refers to keypad.o(.data) for symbol
    main.o(.text) refers to keypad.o(.text) for keypad_Init
    main.o(.text) refers to lcd.o(.text) for LCD_Init
    main.o(.text) refers to led.o(.text) for RGBLED_Init
    main.o(.text) refers to button.o(.text) for SWs_Init
    main.o(.text) refers to buzzer.o(.text) for Buzzer_VInit
    main.o(.text) refers to delay.o(.text) for delay_ms
    main.o(.text) refers to atoi.o(.text) for atoi
    main.o(.text) refers to main.o(.data) for number_of_seconds
    atoi.o(.text) refers to rt_errno_addr_intlibspace.o(.text) for __aeabi_errno_addr
    atoi.o(.text) refers to strtol.o(.text) for strtol
    __main.o(!!!main) refers to rtentry.o(.ARM.Collect$$rtentry$$00000000) for __rt_entry
    rtentry.o(.ARM.Collect$$rtentry$$00000000) refers (Special) to rtentry2.o(.ARM.Collect$$rtentry$$0000000A) for __rt_entry_li
    rtentry.o(.ARM.Collect$$rtentry$$00000000) refers (Special) to rtentry2.o(.ARM.Collect$$rtentry$$0000000D) for __rt_entry_main
    rtentry.o(.ARM.Collect$$rtentry$$00000000) refers (Special) to rtentry2.o(.ARM.Collect$$rtentry$$0000000C) for __rt_entry_postli_1
    rtentry.o(.ARM.Collect$$rtentry$$00000000) refers (Special) to rtentry2.o(.ARM.Collect$$rtentry$$00000009) for __rt_entry_postsh_1
    rtentry.o(.ARM.Collect$$rtentry$$00000000) refers (Special) to rtentry2.o(.ARM.Collect$$rtentry$$00000002) for __rt_entry_presh_1
    rtentry.o(.ARM.Collect$$rtentry$$00000000) refers (Special) to rtentry4.o(.ARM.Collect$$rtentry$$00000004) for __rt_entry_sh
    rt_errno_addr.o(.text) refers to rt_errno_addr.o(.bss) for __aeabi_errno_addr_data
    rt_errno_addr_intlibspace.o(.text) refers to libspace.o(.bss) for __libspace_start
    strtol.o(.text) refers to rt_ctype_table.o(.text) for __rt_ctype_table
    strtol.o(.text) refers to _strtoul.o(.text) for _strtoul
    strtol.o(.text) refers to rt_errno_addr_intlibspace.o(.text) for __aeabi_errno_addr
    libspace.o(.text) refers to libspace.o(.bss) for __libspace_start
    rtentry2.o(.ARM.Collect$$rtentry$$00000008) refers to boardinit2.o(.text) for _platform_post_stackheap_init
    rtentry2.o(.ARM.Collect$$rtentry$$0000000A) refers to libinit.o(.ARM.Collect$$libinit$$00000000) for __rt_lib_init
    rtentry2.o(.ARM.Collect$$rtentry$$0000000B) refers to boardinit3.o(.text) for _platform_post_lib_init
    rtentry2.o(.ARM.Collect$$rtentry$$0000000D) refers to main.o(.text) for main
    rtentry2.o(.ARM.Collect$$rtentry$$0000000D) refers to exit.o(.text) for exit
    rtentry2.o(.ARM.exidx) refers to rtentry2.o(.ARM.Collect$$rtentry$$00000001) for .ARM.Collect$$rtentry$$00000001
    rtentry2.o(.ARM.exidx) refers to rtentry2.o(.ARM.Collect$$rtentry$$00000008) for .ARM.Collect$$rtentry$$00000008
    rtentry2.o(.ARM.exidx) refers to rtentry2.o(.ARM.Collect$$rtentry$$0000000A) for .ARM.Collect$$rtentry$$0000000A
    rtentry2.o(.ARM.exidx) refers to rtentry2.o(.ARM.Collect$$rtentry$$0000000B) for .ARM.Collect$$rtentry$$0000000B
    rtentry2.o(.ARM.exidx) refers to rtentry2.o(.ARM.Collect$$rtentry$$0000000D) for .ARM.Collect$$rtentry$$0000000D
    rtentry4.o(.ARM.Collect$$rtentry$$00000004) refers to sys_stackheap_outer.o(.text) for __user_setup_stackheap
    rtentry4.o(.ARM.exidx) refers to rtentry4.o(.ARM.Collect$$rtentry$$00000004) for .ARM.Collect$$rtentry$$00000004
    rt_ctype_table.o(.text) refers to rt_locale_intlibspace.o(.text) for __rt_locale
    rt_ctype_table.o(.text) refers to lc_ctype_c.o(locale$$code) for _get_lc_ctype
    _strtoul.o(.text) refers to _chval.o(.text) for _chval
    _strtoul.o(.text) refers to rt_errno_addr_intlibspace.o(.text) for __aeabi_errno_addr
    sys_stackheap_outer.o(.text) refers to libspace.o(.text) for __user_perproc_libspace
    sys_stackheap_outer.o(.text) refers to startup_tm4c123.o(.text) for __user_initial_stackheap
    rt_locale.o(.text) refers to rt_locale.o(.bss) for __rt_locale_data
    rt_locale_intlibspace.o(.text) refers to libspace.o(.bss) for __libspace_start
    lc_ctype_c.o(locale$$data) refers (Special) to libinit2.o(.ARM.Collect$$libinit$$00000010) for __rt_lib_init_lc_ctype_2
    lc_ctype_c.o(locale$$code) refers (Special) to libinit2.o(.ARM.Collect$$libinit$$00000010) for __rt_lib_init_lc_ctype_2
    lc_ctype_c.o(locale$$code) refers to strcmpv7m.o(.text) for strcmp
    lc_ctype_c.o(locale$$code) refers to lc_ctype_c.o(locale$$data) for __lcctype_c_name
    exit.o(.text) refers to rtexit.o(.ARM.Collect$$rtexit$$00000000) for __rt_exit
    libinit.o(.ARM.Collect$$libinit$$00000000) refers (Special) to libinit2.o(.ARM.Collect$$libinit$$0000002C) for __rt_lib_init_alloca_1
    libinit.o(.ARM.Collect$$libinit$$00000000) refers (Special) to libinit2.o(.ARM.Collect$$libinit$$0000002A) for __rt_lib_init_argv_1
    libinit.o(.ARM.Collect$$libinit$$00000000) refers (Special) to libinit2.o(.ARM.Collect$$libinit$$00000019) for __rt_lib_init_atexit_1
    libinit.o(.ARM.Collect$$libinit$$00000000) refers (Special) to libinit2.o(.ARM.Collect$$libinit$$0000001F) for __rt_lib_init_clock_1
    libinit.o(.ARM.Collect$$libinit$$00000000) refers (Special) to libinit2.o(.ARM.Collect$$libinit$$00000030) for __rt_lib_init_cpp_1
    libinit.o(.ARM.Collect$$libinit$$00000000) refers (Special) to libinit2.o(.ARM.Collect$$libinit$$0000002E) for __rt_lib_init_exceptions_1
    libinit.o(.ARM.Collect$$libinit$$00000000) refers (Special) to libinit2.o(.ARM.Collect$$libinit$$00000001) for __rt_lib_init_fp_1
    libinit.o(.ARM.Collect$$libinit$$00000000) refers (Special) to libinit2.o(.ARM.Collect$$libinit$$0000001D) for __rt_lib_init_fp_trap_1
    libinit.o(.ARM.Collect$$libinit$$00000000) refers (Special) to libinit2.o(.ARM.Collect$$libinit$$00000021) for __rt_lib_init_getenv_1
    libinit.o(.ARM.Collect$$libinit$$00000000) refers (Special) to libinit2.o(.ARM.Collect$$libinit$$00000008) for __rt_lib_init_heap_1
    libinit.o(.ARM.Collect$$libinit$$00000000) refers (Special) to libinit2.o(.ARM.Collect$$libinit$$0000000F) for __rt_lib_init_lc_collate_1
    libinit.o(.ARM.Collect$$libinit$$00000000) refers (Special) to libinit2.o(.ARM.Collect$$libinit$$00000011) for __rt_lib_init_lc_ctype_1
    libinit.o(.ARM.Collect$$libinit$$00000000) refers (Special) to libinit2.o(.ARM.Collect$$libinit$$00000013) for __rt_lib_init_lc_monetary_1
    libinit.o(.ARM.Collect$$libinit$$00000000) refers (Special) to libinit2.o(.ARM.Collect$$libinit$$00000015) for __rt_lib_init_lc_numeric_1
    libinit.o(.ARM.Collect$$libinit$$00000000) refers (Special) to libinit2.o(.ARM.Collect$$libinit$$00000017) for __rt_lib_init_lc_time_1
    libinit.o(.ARM.Collect$$libinit$$00000000) refers (Special) to libinit2.o(.ARM.Collect$$libinit$$0000000C) for __rt_lib_init_rand_1
    libinit.o(.ARM.Collect$$libinit$$00000000) refers (Special) to libinit2.o(.ARM.Collect$$libinit$$00000031) for __rt_lib_init_return
    libinit.o(.ARM.Collect$$libinit$$00000000) refers (Special) to libinit2.o(.ARM.Collect$$libinit$$0000001B) for __rt_lib_init_signal_1
    libinit.o(.ARM.Collect$$libinit$$00000000) refers (Special) to libinit2.o(.ARM.Collect$$libinit$$00000023) for __rt_lib_init_stdio_1
    libinit.o(.ARM.Collect$$libinit$$00000000) refers (Special) to libinit2.o(.ARM.Collect$$libinit$$0000000A) for __rt_lib_init_user_alloc_1
    rtexit.o(.ARM.Collect$$rtexit$$00000000) refers (Special) to rtexit2.o(.ARM.Collect$$rtexit$$00000004) for __rt_exit_exit
    rtexit.o(.ARM.Collect$$rtexit$$00000000) refers (Special) to rtexit2.o(.ARM.Collect$$rtexit$$00000003) for __rt_exit_ls
    rtexit.o(.ARM.Collect$$rtexit$$00000000) refers (Special) to rtexit2.o(.ARM.Collect$$rtexit$$00000002) for __rt_exit_prels_1
    rtexit.o(.ARM.exidx) refers (Special) to rtexit2.o(.ARM.Collect$$rtexit$$00000004) for __rt_exit_exit
    rtexit.o(.ARM.exidx) refers (Special) to rtexit2.o(.ARM.Collect$$rtexit$$00000003) for __rt_exit_ls
    rtexit.o(.ARM.exidx) refers (Special) to rtexit2.o(.ARM.Collect$$rtexit$$00000002) for __rt_exit_prels_1
    rtexit.o(.ARM.exidx) refers to rtexit.o(.ARM.Collect$$rtexit$$00000000) for .ARM.Collect$$rtexit$$00000000
    libinit2.o(.ARM.Collect$$libinit$$00000001) refers to fpinit.o(x$fpl$fpinit) for _fp_init
    libinit2.o(.ARM.Collect$$libinit$$0000000D) refers (Weak) to rt_locale_intlibspace.o(.text) for __rt_locale
    libinit2.o(.ARM.Collect$$libinit$$0000000E) refers to libinit2.o(.ARM.Collect$$libinit$$0000000D) for .ARM.Collect$$libinit$$0000000D
    libinit2.o(.ARM.Collect$$libinit$$00000010) refers to libinit2.o(.ARM.Collect$$libinit$$0000000D) for .ARM.Collect$$libinit$$0000000D
    libinit2.o(.ARM.Collect$$libinit$$00000010) refers (Weak) to lc_ctype_c.o(locale$$code) for _get_lc_ctype
    libinit2.o(.ARM.Collect$$libinit$$00000012) refers to libinit2.o(.ARM.Collect$$libinit$$0000000D) for .ARM.Collect$$libinit$$0000000D
    libinit2.o(.ARM.Collect$$libinit$$00000014) refers to libinit2.o(.ARM.Collect$$libinit$$0000000D) for .ARM.Collect$$libinit$$0000000D
    libinit2.o(.ARM.Collect$$libinit$$00000016) refers to libinit2.o(.ARM.Collect$$libinit$$0000000D) for .ARM.Collect$$libinit$$0000000D
    libinit2.o(.ARM.Collect$$libinit$$00000024) refers to argv_veneer.o(.emb_text) for __ARM_argv_veneer
    libinit2.o(.ARM.Collect$$libinit$$00000025) refers to argv_veneer.o(.emb_text) for __ARM_argv_veneer
    rtexit2.o(.ARM.Collect$$rtexit$$00000003) refers to libshutdown.o(.ARM.Collect$$libshutdown$$00000000) for __rt_lib_shutdown
    rtexit2.o(.ARM.Collect$$rtexit$$00000004) refers to sys_exit.o(.text) for _sys_exit
    rtexit2.o(.ARM.exidx) refers to rtexit2.o(.ARM.Collect$$rtexit$$00000001) for .ARM.Collect$$rtexit$$00000001
    rtexit2.o(.ARM.exidx) refers to rtexit2.o(.ARM.Collect$$rtexit$$00000003) for .ARM.Collect$$rtexit$$00000003
    rtexit2.o(.ARM.exidx) refers to rtexit2.o(.ARM.Collect$$rtexit$$00000004) for .ARM.Collect$$rtexit$$00000004
    argv_veneer.o(.emb_text) refers to no_argv.o(.text) for __ARM_get_argv
    sys_exit.o(.text) refers (Special) to use_no_semi.o(.text) for __I$use$semihosting
    sys_exit.o(.text) refers (Special) to indicate_semi.o(.text) for __semihosting_library_function
    _get_argv_nomalloc.o(.text) refers (Special) to hrguard.o(.text) for __heap_region$guard
    _get_argv_nomalloc.o(.text) refers to defsig_rtmem_outer.o(.text) for __rt_SIGRTMEM
    _get_argv_nomalloc.o(.text) refers to sys_command.o(.text) for _sys_command_string
    libshutdown.o(.ARM.Collect$$libshutdown$$00000000) refers (Special) to libshutdown2.o(.ARM.Collect$$libshutdown$$00000006) for __rt_lib_shutdown_fp_trap_1
    libshutdown.o(.ARM.Collect$$libshutdown$$00000000) refers (Special) to libshutdown2.o(.ARM.Collect$$libshutdown$$0000000E) for __rt_lib_shutdown_heap_1
    libshutdown.o(.ARM.Collect$$libshutdown$$00000000) refers (Special) to libshutdown2.o(.ARM.Collect$$libshutdown$$0000000F) for __rt_lib_shutdown_return
    libshutdown.o(.ARM.Collect$$libshutdown$$00000000) refers (Special) to libshutdown2.o(.ARM.Collect$$libshutdown$$00000009) for __rt_lib_shutdown_signal_1
    libshutdown.o(.ARM.Collect$$libshutdown$$00000000) refers (Special) to libshutdown2.o(.ARM.Collect$$libshutdown$$00000003) for __rt_lib_shutdown_stdio_1
    libshutdown.o(.ARM.Collect$$libshutdown$$00000000) refers (Special) to libshutdown2.o(.ARM.Collect$$libshutdown$$0000000B) for __rt_lib_shutdown_user_alloc_1
    sys_command.o(.text) refers (Special) to use_no_semi.o(.text) for __I$use$semihosting
    sys_command.o(.text) refers (Special) to indicate_semi.o(.text) for __semihosting_library_function
    defsig_rtmem_outer.o(.text) refers to defsig_rtmem_inner.o(.text) for __rt_SIGRTMEM_inner
    defsig_rtmem_outer.o(.text) refers to defsig_exit.o(.text) for __sig_exit
    defsig_rtmem_formal.o(.text) refers to rt_raise.o(.text) for __rt_raise
    rt_raise.o(.text) refers to __raise.o(.text) for __raise
    rt_raise.o(.text) refers to sys_exit.o(.text) for _sys_exit
    defsig_exit.o(.text) refers to sys_exit.o(.text) for _sys_exit
    defsig_rtmem_inner.o(.text) refers to defsig_general.o(.text) for __default_signal_display
    __raise.o(.text) refers to defsig.o(CL$$defsig) for __default_signal_handler
    defsig_general.o(.text) refers to sys_wrch.o(.text) for _ttywrch
    sys_wrch.o(.text) refers (Special) to use_no_semi.o(.text) for __I$use$semihosting
    sys_wrch.o(.text) refers (Special) to indicate_semi.o(.text) for __semihosting_library_function
    defsig.o(CL$$defsig) refers to defsig_rtmem_inner.o(.text) for __rt_SIGRTMEM_inner
    defsig_abrt_inner.o(.text) refers to defsig_general.o(.text) for __default_signal_display
    defsig_fpe_inner.o(.text) refers to defsig_general.o(.text) for __default_signal_display
    defsig_rtred_inner.o(.text) refers to defsig_general.o(.text) for __default_signal_display
    defsig_stak_inner.o(.text) refers to defsig_general.o(.text) for __default_signal_display
    defsig_pvfn_inner.o(.text) refers to defsig_general.o(.text) for __default_signal_display
    defsig_cppl_inner.o(.text) refers to defsig_general.o(.text) for __default_signal_display
    defsig_segv_inner.o(.text) refers to defsig_general.o(.text) for __default_signal_display
    defsig_other.o(.text) refers to defsig_general.o(.text) for __default_signal_display


==============================================================================

Memory Map of the image

  Image Entry point : 0x00000000

  Load Region LR_1 (Base: 0x00000000, Size: 0x000010a4, Max: 0xffffffff, ABSOLUTE)

    Execution Region ER_RO (Base: 0x00000000, Size: 0x00001080, Max: 0xffffffff, ABSOLUTE)

    Base Addr    Size         Type   Attr      Idx    E Section Name        Object

    0x00000000   0x0000026c   Data   RO            3    RESET               startup_tm4c123.o
    0x0000026c   0x00000008   Code   RO          147  * !!!main             c_w.l(__main.o)
    0x00000274   0x00000002   Code   RO          198    .ARM.Collect$$libinit$$00000000  c_w.l(libinit.o)
    0x00000276   0x00000004   Code   RO          203    .ARM.Collect$$libinit$$00000001  c_w.l(libinit2.o)
    0x0000027a   0x00000000   Code   RO          207    .ARM.Collect$$libinit$$00000008  c_w.l(libinit2.o)
    0x0000027a   0x00000000   Code   RO          209    .ARM.Collect$$libinit$$0000000A  c_w.l(libinit2.o)
    0x0000027a   0x00000000   Code   RO          211    .ARM.Collect$$libinit$$0000000C  c_w.l(libinit2.o)
    0x0000027a   0x00000006   Code   RO          212    .ARM.Collect$$libinit$$0000000D  c_w.l(libinit2.o)
    0x00000280   0x00000000   Code   RO          214    .ARM.Collect$$libinit$$0000000F  c_w.l(libinit2.o)
    0x00000280   0x0000000c   Code   RO          215    .ARM.Collect$$libinit$$00000010  c_w.l(libinit2.o)
    0x0000028c   0x00000000   Code   RO          216    .ARM.Collect$$libinit$$00000011  c_w.l(libinit2.o)
    0x0000028c   0x00000000   Code   RO          218    .ARM.Collect$$libinit$$00000013  c_w.l(libinit2.o)
    0x0000028c   0x00000000   Code   RO          220    .ARM.Collect$$libinit$$00000015  c_w.l(libinit2.o)
    0x0000028c   0x00000000   Code   RO          222    .ARM.Collect$$libinit$$00000017  c_w.l(libinit2.o)
    0x0000028c   0x00000000   Code   RO          224    .ARM.Collect$$libinit$$00000019  c_w.l(libinit2.o)
    0x0000028c   0x00000000   Code   RO          226    .ARM.Collect$$libinit$$0000001B  c_w.l(libinit2.o)
    0x0000028c   0x00000000   Code   RO          228    .ARM.Collect$$libinit$$0000001D  c_w.l(libinit2.o)
    0x0000028c   0x00000000   Code   RO          230    .ARM.Collect$$libinit$$0000001F  c_w.l(libinit2.o)
    0x0000028c   0x00000000   Code   RO          232    .ARM.Collect$$libinit$$00000021  c_w.l(libinit2.o)
    0x0000028c   0x00000000   Code   RO          234    .ARM.Collect$$libinit$$00000023  c_w.l(libinit2.o)
    0x0000028c   0x00000000   Code   RO          238    .ARM.Collect$$libinit$$0000002A  c_w.l(libinit2.o)
    0x0000028c   0x00000000   Code   RO          240    .ARM.Collect$$libinit$$0000002C  c_w.l(libinit2.o)
    0x0000028c   0x00000000   Code   RO          242    .ARM.Collect$$libinit$$0000002E  c_w.l(libinit2.o)
    0x0000028c   0x00000000   Code   RO          244    .ARM.Collect$$libinit$$00000030  c_w.l(libinit2.o)
    0x0000028c   0x00000002   Code   RO          245    .ARM.Collect$$libinit$$00000031  c_w.l(libinit2.o)
    0x0000028e   0x00000002   Code   RO          265    .ARM.Collect$$libshutdown$$00000000  c_w.l(libshutdown.o)
    0x00000290   0x00000000   Code   RO          279    .ARM.Collect$$libshutdown$$00000003  c_w.l(libshutdown2.o)
    0x00000290   0x00000000   Code   RO          282    .ARM.Collect$$libshutdown$$00000006  c_w.l(libshutdown2.o)
    0x00000290   0x00000000   Code   RO          285    .ARM.Collect$$libshutdown$$00000009  c_w.l(libshutdown2.o)
    0x00000290   0x00000000   Code   RO          287    .ARM.Collect$$libshutdown$$0000000B  c_w.l(libshutdown2.o)
    0x00000290   0x00000000   Code   RO          290    .ARM.Collect$$libshutdown$$0000000E  c_w.l(libshutdown2.o)
    0x00000290   0x00000002   Code   RO          291    .ARM.Collect$$libshutdown$$0000000F  c_w.l(libshutdown2.o)
    0x00000292   0x00000000   Code   RO          149    .ARM.Collect$$rtentry$$00000000  c_w.l(rtentry.o)
    0x00000292   0x00000000   Code   RO          161    .ARM.Collect$$rtentry$$00000002  c_w.l(rtentry2.o)
    0x00000292   0x00000006   Code   RO          173    .ARM.Collect$$rtentry$$00000004  c_w.l(rtentry4.o)
    0x00000298   0x00000000   Code   RO          163    .ARM.Collect$$rtentry$$00000009  c_w.l(rtentry2.o)
    0x00000298   0x00000004   Code   RO          164    .ARM.Collect$$rtentry$$0000000A  c_w.l(rtentry2.o)
    0x0000029c   0x00000000   Code   RO          166    .ARM.Collect$$rtentry$$0000000C  c_w.l(rtentry2.o)
    0x0000029c   0x00000008   Code   RO          167    .ARM.Collect$$rtentry$$0000000D  c_w.l(rtentry2.o)
    0x000002a4   0x00000002   Code   RO          199    .ARM.Collect$$rtexit$$00000000  c_w.l(rtexit.o)
    0x000002a6   0x00000000   Code   RO          247    .ARM.Collect$$rtexit$$00000002  c_w.l(rtexit2.o)
    0x000002a6   0x00000004   Code   RO          248    .ARM.Collect$$rtexit$$00000003  c_w.l(rtexit2.o)
    0x000002aa   0x00000006   Code   RO          249    .ARM.Collect$$rtexit$$00000004  c_w.l(rtexit2.o)
    0x000002b0   0x0000010c   Code   RO            4  * .text               startup_tm4c123.o
    0x000003bc   0x000000f0   Code   RO           10    .text               led.o
    0x000004ac   0x0000006c   Code   RO           29    .text               delay.o
    0x00000518   0x00000138   Code   RO           44    .text               button.o
    0x00000650   0x000001f0   Code   RO           59    .text               lcd.o
    0x00000840   0x000000c4   Code   RO           77    .text               buzzer.o
    0x00000904   0x00000134   Code   RO           92    .text               keypad.o
    0x00000a38   0x000002a8   Code   RO          110    .text               main.o
    0x00000ce0   0x0000001a   Code   RO          143    .text               c_w.l(atoi.o)
    0x00000cfa   0x00000006   Code   RO          145    .text               c_w.l(heapauxi.o)
    0x00000d00   0x00000008   Code   RO          153    .text               c_w.l(rt_errno_addr_intlibspace.o)
    0x00000d08   0x00000070   Code   RO          155    .text               c_w.l(strtol.o)
    0x00000d78   0x00000008   Code   RO          157    .text               c_w.l(libspace.o)
    0x00000d80   0x00000010   Code   RO          175    .text               c_w.l(rt_ctype_table.o)
    0x00000d90   0x0000009e   Code   RO          177    .text               c_w.l(_strtoul.o)
    0x00000e2e   0x0000004a   Code   RO          179    .text               c_w.l(sys_stackheap_outer.o)
    0x00000e78   0x00000008   Code   RO          184    .text               c_w.l(rt_locale_intlibspace.o)
    0x00000e80   0x0000001c   Code   RO          186    .text               c_w.l(_chval.o)
    0x00000e9c   0x0000000c   Code   RO          191    .text               c_w.l(exit.o)
    0x00000ea8   0x00000080   Code   RO          201    .text               c_w.l(strcmpv7m.o)
    0x00000f28   0x0000000c   Code   RO          257    .text               c_w.l(sys_exit.o)
    0x00000f34   0x00000002   Code   RO          268    .text               c_w.l(use_no_semi.o)
    0x00000f36   0x00000000   Code   RO          270    .text               c_w.l(indicate_semi.o)
    0x00000f36   0x00000002   PAD
    0x00000f38   0x0000002c   Code   RO          189    locale$$code        c_w.l(lc_ctype_c.o)
    0x00000f64   0x0000000a   Code   RO          255    x$fpl$fpinit        fz_wm.l(fpinit.o)
    0x00000f6e   0x00000002   PAD
    0x00000f70   0x00000000   Data   RO          322    Region$$Table       anon$$obj.o
    0x00000f70   0x00000110   Data   RO          188    locale$$data        c_w.l(lc_ctype_c.o)


    Execution Region ER_RW (Base: 0x20000000, Size: 0x00000024, Max: 0xffffffff, ABSOLUTE)

    Base Addr    Size         Type   Attr      Idx    E Section Name        Object

    0x20000000   0x00000010   Data   RW           93    .data               keypad.o
    0x20000010   0x00000011   Data   RW          111    .data               main.o


    Execution Region ER_ZI (Base: 0x20000024, Size: 0x00000264, Max: 0xffffffff, ABSOLUTE)

    Base Addr    Size         Type   Attr      Idx    E Section Name        Object

    0x20000024   0x00000060   Zero   RW          158    .bss                c_w.l(libspace.o)
    0x20000084   0x00000004   PAD
    0x20000088   0x00000000   Zero   RW            2    HEAP                startup_tm4c123.o
    0x20000088   0x00000200   Zero   RW            1    STACK               startup_tm4c123.o

